<html>
<body>
<pre>
<h1>µVision Build Log</h1>
<h2>Tool Versions:</h2>
IDE-Version: µVision V5.21.1.0
Copyright (C) 2016 ARM Ltd and ARM Germany GmbH. All rights reserved.
License Information: ô ô, ô, LIC=V859U-SYKXT-F09N5-G7RAV-LN20C-K4AJ5
 
Tool Versions:
Toolchain:       MDK-ARM Professional  Version: 5.21a
Toolchain Path:  C:\Keil_v5\ARM\ARMCC\Bin
C Compiler:      Armcc.exe V5.06 update 3 (build 300)
Assembler:       Armasm.exe V5.06 update 3 (build 300)
Linker/Locator:  ArmLink.exe V5.06 update 3 (build 300)
Library Manager: ArmAr.exe V5.06 update 3 (build 300)
Hex Converter:   FromElf.exe V5.06 update 3 (build 300)
CPU DLL:         SARMCM3.DLL V5.21a
Dialog DLL:      DCM.DLL V1.13.8.0
Target DLL:      STLink\ST-LINKIII-KEIL_SWO.dll V2.0.18.0
Dialog DLL:      TCM.DLL V1.14.14.0
 
<h2>Project:</h2>
D:\exchange\Driver_rev3.0 - êîïèÿ\MDK-ARM\Driver_rev3.0.uvprojx
Project File Date:  10/17/2017

<h2>Output:</h2>
*** Using Compiler 'V5.06 update 3 (build 300)', folder: 'C:\Keil_v5\ARM\ARMCC\Bin'
Build target 'Driver_rev3.0'
compiling main.c...
compiling system_stm32f3xx.c...
compiling adc.c...
compiling usart.c...
compiling gpio.c...
compiling comp.c...
compiling stm32f3xx_hal_msp.c...
compiling i2c.c...
compiling dac.c...
compiling tim.c...
compiling dma.c...
compiling stm32f3xx_it.c...
compiling crc.c...
compiling stm32f3xx_hal_cortex.c...
compiling general_math.c...
..\Src\general_math.c(2237): warning:  #550-D: variable "Status" was set but never used
  	HAL_StatusTypeDef Status;
..\Src\general_math.c: 1 warning, 0 errors
compiling stm32f3xx_hal_pwr.c...
compiling stm32f3xx_hal_uart_ex.c...
compiling stm32f3xx_hal_dac.c...
compiling stm32f3xx_hal_i2c.c...
compiling stm32f3xx_hal_uart.c...
compiling stm32f3xx_hal_dma.c...
compiling stm32f3xx_hal_tim_ex.c...
compiling stm32f3xx_hal.c...
compiling stm32f3xx_hal_comp.c...
compiling stm32f3xx_hal_tim.c...
compiling stm32f3xx_hal_adc_ex.c...
compiling stm32f3xx_hal_gpio.c...
compiling stm32f3xx_hal_rcc_ex.c...
compiling stm32f3xx_hal_i2c_ex.c...
compiling stm32f3xx_hal_pwr_ex.c...
compiling stm32f3xx_hal_rcc.c...
compiling stm32f3xx_hal_flash.c...
compiling stm32f3xx_hal_flash_ex.c...
compiling stm32f3xx_hal_dac_ex.c...
compiling stm32f3xx_hal_adc.c...
compiling stm32f3xx_hal_crc_ex.c...
compiling stm32f3xx_hal_crc.c...
linking...
Program Size: Code=37790 RO-data=866 RW-data=448 ZI-data=3544  
FromELF: creating hex file...
".\Driver_rev3.0\Driver_rev3.0" - 0 Error(s), 1 Warning(s).

<h2>Software Packages used:</h2>

Package Vendor: ARM
                http://www.keil.com/pack/ARM.CMSIS.4.5.0.pack
                ARM::CMSIS:CORE:4.3.0
                CMSIS (Cortex Microcontroller Software Interface Standard)
   * Component: CORE Version: 4.3.0

<h2>Collection of Component include folders:</h2>
  D:\exchange\Driver_rev3.0 - êîïèÿ\MDK-ARM\RTE
  C:\Keil_v5\ARM\PACK\ARM\CMSIS\4.5.0\CMSIS\Include
  C:\Keil_v5\ARM\PACK\Keil\STM32F3xx_DFP\1.4.0\Device\Include

<h2>Collection of Component Files used:</h2>

   * Component: ARM::CMSIS:CORE:4.3.0
Build Time Elapsed:  00:00:08
</pre>
</body>
</html>
