Component: ARM Compiler 5.06 update 3 (build 300) Tool: armlink [4d35c9]

==============================================================================

Section Cross References

    system_stm32f3xx.o(i.SystemCoreClockUpdate) refers to system_stm32f3xx.o(.data) for .data
    system_stm32f3xx.o(i.SystemCoreClockUpdate) refers to system_stm32f3xx.o(.constdata) for .constdata
    startup_stm32f303xc.o(STACK) refers (Special) to heapauxi.o(.text) for __use_two_region_memory
    startup_stm32f303xc.o(HEAP) refers (Special) to heapauxi.o(.text) for __use_two_region_memory
    startup_stm32f303xc.o(RESET) refers (Special) to heapauxi.o(.text) for __use_two_region_memory
    startup_stm32f303xc.o(RESET) refers to startup_stm32f303xc.o(STACK) for __initial_sp
    startup_stm32f303xc.o(RESET) refers to startup_stm32f303xc.o(.text) for Reset_Handler
    startup_stm32f303xc.o(RESET) refers to stm32f3xx_it.o(i.NMI_Handler) for NMI_Handler
    startup_stm32f303xc.o(RESET) refers to stm32f3xx_it.o(i.HardFault_Handler) for HardFault_Handler
    startup_stm32f303xc.o(RESET) refers to stm32f3xx_it.o(i.MemManage_Handler) for MemManage_Handler
    startup_stm32f303xc.o(RESET) refers to stm32f3xx_it.o(i.BusFault_Handler) for BusFault_Handler
    startup_stm32f303xc.o(RESET) refers to stm32f3xx_it.o(i.UsageFault_Handler) for UsageFault_Handler
    startup_stm32f303xc.o(RESET) refers to stm32f3xx_it.o(i.SVC_Handler) for SVC_Handler
    startup_stm32f303xc.o(RESET) refers to stm32f3xx_it.o(i.DebugMon_Handler) for DebugMon_Handler
    startup_stm32f303xc.o(RESET) refers to stm32f3xx_it.o(i.PendSV_Handler) for PendSV_Handler
    startup_stm32f303xc.o(RESET) refers to stm32f3xx_it.o(i.SysTick_Handler) for SysTick_Handler
    startup_stm32f303xc.o(RESET) refers to stm32f3xx_it.o(i.DMA1_Channel1_IRQHandler) for DMA1_Channel1_IRQHandler
    startup_stm32f303xc.o(RESET) refers to stm32f3xx_it.o(i.DMA1_Channel4_IRQHandler) for DMA1_Channel4_IRQHandler
    startup_stm32f303xc.o(RESET) refers to stm32f3xx_it.o(i.DMA1_Channel5_IRQHandler) for DMA1_Channel5_IRQHandler
    startup_stm32f303xc.o(RESET) refers to stm32f3xx_it.o(i.TIM1_UP_TIM16_IRQHandler) for TIM1_UP_TIM16_IRQHandler
    startup_stm32f303xc.o(RESET) refers to stm32f3xx_it.o(i.TIM1_CC_IRQHandler) for TIM1_CC_IRQHandler
    startup_stm32f303xc.o(RESET) refers to stm32f3xx_it.o(i.TIM2_IRQHandler) for TIM2_IRQHandler
    startup_stm32f303xc.o(RESET) refers to stm32f3xx_it.o(i.USART1_IRQHandler) for USART1_IRQHandler
    startup_stm32f303xc.o(RESET) refers to stm32f3xx_it.o(i.EXTI15_10_IRQHandler) for EXTI15_10_IRQHandler
    startup_stm32f303xc.o(RESET) refers to stm32f3xx_it.o(i.TIM6_DAC_IRQHandler) for TIM6_DAC_IRQHandler
    startup_stm32f303xc.o(RESET) refers to stm32f3xx_it.o(i.TIM7_IRQHandler) for TIM7_IRQHandler
    startup_stm32f303xc.o(RESET) refers to stm32f3xx_it.o(i.DMA2_Channel1_IRQHandler) for DMA2_Channel1_IRQHandler
    startup_stm32f303xc.o(RESET) refers to stm32f3xx_it.o(i.DMA2_Channel2_IRQHandler) for DMA2_Channel2_IRQHandler
    startup_stm32f303xc.o(RESET) refers to stm32f3xx_it.o(i.DMA2_Channel5_IRQHandler) for DMA2_Channel5_IRQHandler
    startup_stm32f303xc.o(RESET) refers to stm32f3xx_it.o(i.COMP1_2_3_IRQHandler) for COMP1_2_3_IRQHandler
    startup_stm32f303xc.o(RESET) refers to stm32f3xx_it.o(i.COMP4_5_6_IRQHandler) for COMP4_5_6_IRQHandler
    startup_stm32f303xc.o(.text) refers (Special) to heapauxi.o(.text) for __use_two_region_memory
    startup_stm32f303xc.o(.text) refers to system_stm32f3xx.o(i.SystemInit) for SystemInit
    startup_stm32f303xc.o(.text) refers to __main.o(!!!main) for __main
    startup_stm32f303xc.o(.text) refers to startup_stm32f303xc.o(HEAP) for Heap_Mem
    startup_stm32f303xc.o(.text) refers to startup_stm32f303xc.o(STACK) for Stack_Mem
    adc.o(i.HAL_ADC_MspDeInit) refers to stm32f3xx_hal_gpio.o(i.HAL_GPIO_DeInit) for HAL_GPIO_DeInit
    adc.o(i.HAL_ADC_MspDeInit) refers to stm32f3xx_hal_dma.o(i.HAL_DMA_DeInit) for HAL_DMA_DeInit
    adc.o(i.HAL_ADC_MspInit) refers to stm32f3xx_hal_gpio.o(i.HAL_GPIO_Init) for HAL_GPIO_Init
    adc.o(i.HAL_ADC_MspInit) refers to stm32f3xx_hal_dma.o(i.HAL_DMA_Init) for HAL_DMA_Init
    adc.o(i.HAL_ADC_MspInit) refers to main.o(i._Error_Handler) for _Error_Handler
    adc.o(i.HAL_ADC_MspInit) refers to adc.o(.data) for .data
    adc.o(i.HAL_ADC_MspInit) refers to adc.o(.bss) for .bss
    adc.o(i.MX_ADC1_Init) refers to stm32f3xx_hal_adc_ex.o(i.HAL_ADC_Init) for HAL_ADC_Init
    adc.o(i.MX_ADC1_Init) refers to main.o(i._Error_Handler) for _Error_Handler
    adc.o(i.MX_ADC1_Init) refers to stm32f3xx_hal_adc_ex.o(i.HAL_ADCEx_MultiModeConfigChannel) for HAL_ADCEx_MultiModeConfigChannel
    adc.o(i.MX_ADC1_Init) refers to stm32f3xx_hal_adc_ex.o(i.HAL_ADC_ConfigChannel) for HAL_ADC_ConfigChannel
    adc.o(i.MX_ADC1_Init) refers to adc.o(.bss) for .bss
    adc.o(i.MX_ADC2_Init) refers to stm32f3xx_hal_adc_ex.o(i.HAL_ADC_Init) for HAL_ADC_Init
[...]
    __rt_entry_main                          0x08000253   Thumb Code     0  __rtentry2.o(.ARM.Collect$$rtentry$$0000000D)
    __rt_entry_postli_1                      0x08000253   Thumb Code     0  __rtentry2.o(.ARM.Collect$$rtentry$$0000000C)
    __rt_exit                                0x0800025b   Thumb Code     0  rtexit.o(.ARM.Collect$$rtexit$$00000000)
    __rt_exit_ls                             0x0800025d   Thumb Code     0  rtexit2.o(.ARM.Collect$$rtexit$$00000003)
    __rt_exit_prels_1                        0x0800025d   Thumb Code     0  rtexit2.o(.ARM.Collect$$rtexit$$00000002)
    __rt_exit_exit                           0x08000261   Thumb Code     0  rtexit2.o(.ARM.Collect$$rtexit$$00000004)
    Reset_Handler                            0x08000269   Thumb Code     8  startup_stm32f303xc.o(.text)
    ADC1_2_IRQHandler                        0x08000283   Thumb Code     0  startup_stm32f303xc.o(.text)
    ADC3_IRQHandler                          0x08000283   Thumb Code     0  startup_stm32f303xc.o(.text)
    ADC4_IRQHandler                          0x08000283   Thumb Code     0  startup_stm32f303xc.o(.text)
    CAN_RX1_IRQHandler                       0x08000283   Thumb Code     0  startup_stm32f303xc.o(.text)
    CAN_SCE_IRQHandler                       0x08000283   Thumb Code     0  startup_stm32f303xc.o(.text)
    COMP7_IRQHandler                         0x08000283   Thumb Code     0  startup_stm32f303xc.o(.text)
    DMA1_Channel2_IRQHandler                 0x08000283   Thumb Code     0  startup_stm32f303xc.o(.text)
    DMA1_Channel3_IRQHandler                 0x08000283   Thumb Code     0  startup_stm32f303xc.o(.text)
    DMA1_Channel6_IRQHandler                 0x08000283   Thumb Code     0  startup_stm32f303xc.o(.text)
    DMA1_Channel7_IRQHandler                 0x08000283   Thumb Code     0  startup_stm32f303xc.o(.text)
    DMA2_Channel3_IRQHandler                 0x08000283   Thumb Code     0  startup_stm32f303xc.o(.text)
    DMA2_Channel4_IRQHandler                 0x08000283   Thumb Code     0  startup_stm32f303xc.o(.text)
    EXTI0_IRQHandler                         0x08000283   Thumb Code     0  startup_stm32f303xc.o(.text)
    EXTI1_IRQHandler                         0x08000283   Thumb Code     0  startup_stm32f303xc.o(.text)
    EXTI2_TSC_IRQHandler                     0x08000283   Thumb Code     0  startup_stm32f303xc.o(.text)
    EXTI3_IRQHandler                         0x08000283   Thumb Code     0  startup_stm32f303xc.o(.text)
    EXTI4_IRQHandler                         0x08000283   Thumb Code     0  startup_stm32f303xc.o(.text)
    EXTI9_5_IRQHandler                       0x08000283   Thumb Code     0  startup_stm32f303xc.o(.text)
    FLASH_IRQHandler                         0x08000283   Thumb Code     0  startup_stm32f303xc.o(.text)
    FPU_IRQHandler                           0x08000283   Thumb Code     0  startup_stm32f303xc.o(.text)
    I2C1_ER_IRQHandler                       0x08000283   Thumb Code     0  startup_stm32f303xc.o(.text)
    I2C1_EV_IRQHandler                       0x08000283   Thumb Code     0  startup_stm32f303xc.o(.text)
    I2C2_ER_IRQHandler                       0x08000283   Thumb Code     0  startup_stm32f303xc.o(.text)
    I2C2_EV_IRQHandler                       0x08000283   Thumb Code     0  startup_stm32f303xc.o(.text)
    PVD_IRQHandler                           0x08000283   Thumb Code     0  startup_stm32f303xc.o(.text)
    RCC_IRQHandler                           0x08000283   Thumb Code     0  startup_stm32f303xc.o(.text)
    RTC_Alarm_IRQHandler                     0x08000283   Thumb Code     0  startup_stm32f303xc.o(.text)
    RTC_WKUP_IRQHandler                      0x08000283   Thumb Code     0  startup_stm32f303xc.o(.text)
    SPI1_IRQHandler                          0x08000283   Thumb Code     0  startup_stm32f303xc.o(.text)
    SPI2_IRQHandler                          0x08000283   Thumb Code     0  startup_stm32f303xc.o(.text)
    SPI3_IRQHandler                          0x08000283   Thumb Code     0  startup_stm32f303xc.o(.text)
    TAMP_STAMP_IRQHandler                    0x08000283   Thumb Code     0  startup_stm32f303xc.o(.text)
    TIM1_BRK_TIM15_IRQHandler                0x08000283   Thumb Code     0  startup_stm32f303xc.o(.text)
    TIM1_TRG_COM_TIM17_IRQHandler            0x08000283   Thumb Code     0  startup_stm32f303xc.o(.text)
    TIM3_IRQHandler                          0x08000283   Thumb Code     0  startup_stm32f303xc.o(.text)
    TIM4_IRQHandler                          0x08000283   Thumb Code     0  startup_stm32f303xc.o(.text)
    TIM8_BRK_IRQHandler                      0x08000283   Thumb Code     0  startup_stm32f303xc.o(.text)
    TIM8_CC_IRQHandler                       0x08000283   Thumb Code     0  startup_stm32f303xc.o(.text)
    TIM8_TRG_COM_IRQHandler                  0x08000283   Thumb Code     0  startup_stm32f303xc.o(.text)
    TIM8_UP_IRQHandler                       0x08000283   Thumb Code     0  startup_stm32f303xc.o(.text)
    UART4_IRQHandler                         0x08000283   Thumb Code     0  startup_stm32f303xc.o(.text)
    UART5_IRQHandler                         0x08000283   Thumb Code     0  startup_stm32f303xc.o(.text)
    USART2_IRQHandler                        0x08000283   Thumb Code     0  startup_stm32f303xc.o(.text)
    USART3_IRQHandler                        0x08000283   Thumb Code     0  startup_stm32f303xc.o(.text)
    USBWakeUp_IRQHandler                     0x08000283   Thumb Code     0  startup_stm32f303xc.o(.text)
    USBWakeUp_RMP_IRQHandler                 0x08000283   Thumb Code     0  startup_stm32f303xc.o(.text)
    USB_HP_CAN_TX_IRQHandler                 0x08000283   Thumb Code     0  startup_stm32f303xc.o(.text)
    USB_HP_IRQHandler                        0x08000283   Thumb Code     0  startup_stm32f303xc.o(.text)
    USB_LP_CAN_RX0_IRQHandler                0x08000283   Thumb Code     0  startup_stm32f303xc.o(.text)
    USB_LP_IRQHandler                        0x08000283   Thumb Code     0  startup_stm32f303xc.o(.text)
    WWDG_IRQHandler                          0x08000283   Thumb Code     0  startup_stm32f303xc.o(.text)
    __user_initial_stackheap                 0x08000285   Thumb Code     0  startup_stm32f303xc.o(.text)
    __use_two_region_memory                  0x080002a9   Thumb Code     2  heapauxi.o(.text)
    __rt_heap_escrow$2region                 0x080002ab   Thumb Code     2  heapauxi.o(.text)
    __rt_heap_expand$2region                 0x080002ad   Thumb Code     2  heapauxi.o(.text)
    __read_errno                             0x080002af   Thumb Code    10  _rserrno.o(.text)
    __set_errno                              0x080002b9   Thumb Code    12  _rserrno.o(.text)
    __aeabi_errno_addr                       0x080002c5   Thumb Code     8  rt_errno_addr_intlibspace.o(.text)
    __errno$intlibspace                      0x080002c5   Thumb Code     0  rt_errno_addr_intlibspace.o(.text)
    __rt_errno_addr$intlibspace              0x080002c5   Thumb Code     0  rt_errno_addr_intlibspace.o(.text)
    __user_libspace                          0x080002cd   Thumb Code     8  libspace.o(.text)
    __user_perproc_libspace                  0x080002cd   Thumb Code     0  libspace.o(.text)
    __user_perthread_libspace                0x080002cd   Thumb Code     0  libspace.o(.text)
    __user_setup_stackheap                   0x080002d5   Thumb Code    74  sys_stackheap_outer.o(.text)
    exit                                     0x0800031f   Thumb Code    18  exit.o(.text)
    _sys_exit                                0x08000331   Thumb Code     8  sys_exit.o(.text)
    __I$use$semihosting                      0x0800033d   Thumb Code     0  use_no_semi.o(.text)
    __use_no_semihosting_swi                 0x0800033d   Thumb Code     2  use_no_semi.o(.text)
    __semihosting_library_function           0x0800033f   Thumb Code     0  indicate_semi.o(.text)
    BusFault_Handler                         0x080004f5   Thumb Code     2  stm32f3xx_it.o(i.BusFault_Handler)
    COMP1_2_3_IRQHandler                     0x080004f9   Thumb Code     6  stm32f3xx_it.o(i.COMP1_2_3_IRQHandler)
    COMP4_5_6_IRQHandler                     0x08000505   Thumb Code     6  stm32f3xx_it.o(i.COMP4_5_6_IRQHandler)
    CalculateC                               0x08000511   Thumb Code    64  general_math.o(i.CalculateC)
    CalculateI                               0x08000561   Thumb Code   112  general_math.o(i.CalculateI)
    CalculateL                               0x080005e5   Thumb Code    74  general_math.o(i.CalculateL)
    CalculateP                               0x08000635   Thumb Code   168  general_math.o(i.CalculateP)
    CalculateR                               0x080006f5   Thumb Code   286  general_math.o(i.CalculateR)
    CalculateSupply                          0x08000835   Thumb Code   342  general_math.o(i.CalculateSupply)
    CommandReply                             0x080009ad   Thumb Code    90  general_math.o(i.CommandReply)
    CorrectTIM                               0x08000a0d   Thumb Code   178  general_math.o(i.CorrectTIM)
    DMA1_Channel1_IRQHandler                 0x08000ae1   Thumb Code     6  stm32f3xx_it.o(i.DMA1_Channel1_IRQHandler)
    DMA1_Channel4_IRQHandler                 0x08000aed   Thumb Code     6  stm32f3xx_it.o(i.DMA1_Channel4_IRQHandler)
    DMA1_Channel5_IRQHandler                 0x08000af9   Thumb Code     6  stm32f3xx_it.o(i.DMA1_Channel5_IRQHandler)
    DMA2_Channel1_IRQHandler                 0x08000b05   Thumb Code     6  stm32f3xx_it.o(i.DMA2_Channel1_IRQHandler)
    DMA2_Channel2_IRQHandler                 0x08000b11   Thumb Code     6  stm32f3xx_it.o(i.DMA2_Channel2_IRQHandler)
    DMA2_Channel5_IRQHandler                 0x08000b1d   Thumb Code     6  stm32f3xx_it.o(i.DMA2_Channel5_IRQHandler)
    DebugMon_Handler                         0x08000b69   Thumb Code     2  stm32f3xx_it.o(i.DebugMon_Handler)
    Diag                                     0x08000b6d   Thumb Code   128  general_math.o(i.Diag)
    DiagnSendAlarm                           0x08000c2d   Thumb Code    18  general_math.o(i.DiagnSendAlarm)
    DiagnSendComand                          0x08000c45   Thumb Code    16  general_math.o(i.DiagnSendComand)
    DiagnSendData                            0x08000c59   Thumb Code    16  general_math.o(i.DiagnSendData)
    EXTI15_10_IRQHandler                     0x08000c6d   Thumb Code    30  stm32f3xx_it.o(i.EXTI15_10_IRQHandler)
    ExternPWM                                0x08000c8d   Thumb Code   168  general_math.o(i.ExternPWM)
    FormSTATUS                               0x08000d4d   Thumb Code   652  general_math.o(i.FormSTATUS)
    Generator                                0x08000fe9   Thumb Code   140  general_math.o(i.Generator)
    GetVoltage                               0x080010b5   Thumb Code  2492  general_math.o(i.GetVoltage)
    HAL_ADCEx_Calibration_GetValue           0x08001a71   Thumb Code    24  stm32f3xx_hal_adc_ex.o(i.HAL_ADCEx_Calibration_GetValue)
    HAL_ADCEx_Calibration_SetValue           0x08001a89   Thumb Code   108  stm32f3xx_hal_adc_ex.o(i.HAL_ADCEx_Calibration_SetValue)
    HAL_ADCEx_Calibration_Start              0x08001af5   Thumb Code   150  stm32f3xx_hal_adc_ex.o(i.HAL_ADCEx_Calibration_Start)
    HAL_ADCEx_MultiModeConfigChannel         0x08001b8d   Thumb Code   258  stm32f3xx_hal_adc_ex.o(i.HAL_ADCEx_MultiModeConfigChannel)
    HAL_ADC_ConfigChannel                    0x08001ca5   Thumb Code   864  stm32f3xx_hal_adc_ex.o(i.HAL_ADC_ConfigChannel)
    HAL_ADC_GetValue                         0x08002025   Thumb Code     6  stm32f3xx_hal_adc_ex.o(i.HAL_ADC_GetValue)
    HAL_ADC_Init                             0x0800202d   Thumb Code   570  stm32f3xx_hal_adc_ex.o(i.HAL_ADC_Init)
    HAL_ADC_MspInit                          0x08002289   Thumb Code   458  adc.o(i.HAL_ADC_MspInit)
    HAL_ADC_PollForConversion                0x08002489   Thumb Code   288  stm32f3xx_hal_adc_ex.o(i.HAL_ADC_PollForConversion)
    HAL_ADC_Start                            0x080025b9   Thumb Code   324  stm32f3xx_hal_adc_ex.o(i.HAL_ADC_Start)
    HAL_ADC_Stop                             0x08002709   Thumb Code    62  stm32f3xx_hal_adc_ex.o(i.HAL_ADC_Stop)
    HAL_COMP_IRQHandler                      0x08002749   Thumb Code   116  stm32f3xx_hal_comp.o(i.HAL_COMP_IRQHandler)
    HAL_COMP_Init                            0x080027c9   Thumb Code   178  stm32f3xx_hal_comp.o(i.HAL_COMP_Init)
    HAL_COMP_MspInit                         0x08002881   Thumb Code    96  comp.o(i.HAL_COMP_MspInit)
    HAL_COMP_TriggerCallback                 0x080028e9   Thumb Code    20  general_math.o(i.HAL_COMP_TriggerCallback)
    HAL_CRCEx_Polynomial_Set                 0x08002905   Thumb Code    78  stm32f3xx_hal_crc_ex.o(i.HAL_CRCEx_Polynomial_Set)
    HAL_CRC_Init                             0x08002955   Thumb Code   124  stm32f3xx_hal_crc.o(i.HAL_CRC_Init)
    HAL_CRC_MspInit                          0x080029d5   Thumb Code    30  crc.o(i.HAL_CRC_MspInit)
    HAL_DACEx_DMAUnderrunCallbackCh2         0x080029fd   Thumb Code     2  stm32f3xx_hal_dac_ex.o(i.HAL_DACEx_DMAUnderrunCallbackCh2)
    HAL_DAC_ConfigChannel                    0x080029ff   Thumb Code    66  stm32f3xx_hal_dac_ex.o(i.HAL_DAC_ConfigChannel)
    HAL_DAC_DMAUnderrunCallbackCh1           0x08002a41   Thumb Code     2  stm32f3xx_hal_dac.o(i.HAL_DAC_DMAUnderrunCallbackCh1)
    HAL_DAC_IRQHandler                       0x08002a43   Thumb Code   100  stm32f3xx_hal_dac_ex.o(i.HAL_DAC_IRQHandler)
    HAL_DAC_Init                             0x08002aa7   Thumb Code    42  stm32f3xx_hal_dac.o(i.HAL_DAC_Init)
    HAL_DAC_MspInit                          0x08002ad1   Thumb Code    72  dac.o(i.HAL_DAC_MspInit)
    HAL_DMA_Abort_IT                         0x08002b21   Thumb Code    74  stm32f3xx_hal_dma.o(i.HAL_DMA_Abort_IT)
    HAL_DMA_IRQHandler                       0x08002b6b   Thumb Code   186  stm32f3xx_hal_dma.o(i.HAL_DMA_IRQHandler)
    HAL_DMA_Init                             0x08002c25   Thumb Code    86  stm32f3xx_hal_dma.o(i.HAL_DMA_Init)
    HAL_Delay                                0x08002c7b   Thumb Code    22  stm32f3xx_hal.o(i.HAL_Delay)
    HAL_GPIO_EXTI_Callback                   0x08002c91   Thumb Code   134  general_math.o(i.HAL_GPIO_EXTI_Callback)
    HAL_GPIO_EXTI_IRQHandler                 0x08002d29   Thumb Code    18  stm32f3xx_hal_gpio.o(i.HAL_GPIO_EXTI_IRQHandler)
    HAL_GPIO_Init                            0x08002d41   Thumb Code   376  stm32f3xx_hal_gpio.o(i.HAL_GPIO_Init)
    HAL_GPIO_ReadPin                         0x08002ed5   Thumb Code    14  stm32f3xx_hal_gpio.o(i.HAL_GPIO_ReadPin)
    HAL_GPIO_WritePin                        0x08002ee3   Thumb Code    12  stm32f3xx_hal_gpio.o(i.HAL_GPIO_WritePin)
    HAL_GetTick                              0x08002ef1   Thumb Code     6  stm32f3xx_hal.o(i.HAL_GetTick)
    HAL_I2CEx_ConfigAnalogFilter             0x08002efd   Thumb Code    90  stm32f3xx_hal_i2c_ex.o(i.HAL_I2CEx_ConfigAnalogFilter)
    HAL_I2CEx_ConfigDigitalFilter            0x08002f57   Thumb Code    86  stm32f3xx_hal_i2c_ex.o(i.HAL_I2CEx_ConfigDigitalFilter)
    HAL_I2C_Init                             0x08002fad   Thumb Code   186  stm32f3xx_hal_i2c.o(i.HAL_I2C_Init)
    HAL_I2C_MspInit                          0x0800306d   Thumb Code    64  i2c.o(i.HAL_I2C_MspInit)
    HAL_IncTick                              0x080030b9   Thumb Code    10  stm32f3xx_hal.o(i.HAL_IncTick)
    HAL_Init                                 0x080030c9   Thumb Code    32  stm32f3xx_hal.o(i.HAL_Init)
    HAL_InitTick                             0x080030ed   Thumb Code    34  stm32f3xx_hal.o(i.HAL_InitTick)
    HAL_MspInit                              0x08003115   Thumb Code   106  stm32f3xx_hal_msp.o(i.HAL_MspInit)
    HAL_NVIC_EnableIRQ                       0x08003185   Thumb Code    22  stm32f3xx_hal_cortex.o(i.HAL_NVIC_EnableIRQ)
    HAL_NVIC_SetPriority                     0x0800319d   Thumb Code    60  stm32f3xx_hal_cortex.o(i.HAL_NVIC_SetPriority)
    HAL_NVIC_SetPriorityGrouping             0x080031dd   Thumb Code    26  stm32f3xx_hal_cortex.o(i.HAL_NVIC_SetPriorityGrouping)
    HAL_RCCEx_PeriphCLKConfig                0x08003201   Thumb Code   524  stm32f3xx_hal_rcc_ex.o(i.HAL_RCCEx_PeriphCLKConfig)
    HAL_RCC_ClockConfig                      0x08003419   Thumb Code   464  stm32f3xx_hal_rcc.o(i.HAL_RCC_ClockConfig)
    HAL_RCC_GetHCLKFreq                      0x080035f9   Thumb Code     6  stm32f3xx_hal_rcc.o(i.HAL_RCC_GetHCLKFreq)
    HAL_RCC_GetPCLK1Freq                     0x08003605   Thumb Code    36  stm32f3xx_hal_rcc.o(i.HAL_RCC_GetPCLK1Freq)
    HAL_RCC_GetPCLK2Freq                     0x08003631   Thumb Code    36  stm32f3xx_hal_rcc.o(i.HAL_RCC_GetPCLK2Freq)
    HAL_RCC_GetSysClockFreq                  0x0800365d   Thumb Code    88  stm32f3xx_hal_rcc.o(i.HAL_RCC_GetSysClockFreq)
    HAL_RCC_OscConfig                        0x080036c5   Thumb Code  1532  stm32f3xx_hal_rcc.o(i.HAL_RCC_OscConfig)
    HAL_SYSTICK_CLKSourceConfig              0x08003cc1   Thumb Code    28  stm32f3xx_hal_cortex.o(i.HAL_SYSTICK_CLKSourceConfig)
    HAL_SYSTICK_Callback                     0x08003cdd   Thumb Code     2  stm32f3xx_hal_cortex.o(i.HAL_SYSTICK_Callback)
    HAL_SYSTICK_Config                       0x08003cdf   Thumb Code    40  stm32f3xx_hal_cortex.o(i.HAL_SYSTICK_Config)
    HAL_SYSTICK_IRQHandler                   0x08003d07   Thumb Code     8  stm32f3xx_hal_cortex.o(i.HAL_SYSTICK_IRQHandler)
    HAL_TIMEx_BreakCallback                  0x08003d0f   Thumb Code     2  stm32f3xx_hal_tim_ex.o(i.HAL_TIMEx_BreakCallback)
    HAL_TIMEx_CommutationCallback            0x08003d11   Thumb Code     2  stm32f3xx_hal_tim_ex.o(i.HAL_TIMEx_CommutationCallback)
    HAL_TIMEx_ConfigBreakDeadTime            0x08003d15   Thumb Code   138  stm32f3xx_hal_tim_ex.o(i.HAL_TIMEx_ConfigBreakDeadTime)
    HAL_TIMEx_MasterConfigSynchronization    0x08003da9   Thumb Code    78  stm32f3xx_hal_tim_ex.o(i.HAL_TIMEx_MasterConfigSynchronization)
    HAL_TIM_Base_Init                        0x08003e01   Thumb Code    56  stm32f3xx_hal_tim.o(i.HAL_TIM_Base_Init)
    HAL_TIM_Base_MspInit                     0x08003e39   Thumb Code   280  tim.o(i.HAL_TIM_Base_MspInit)
    HAL_TIM_Base_Start_IT                    0x08003f69   Thumb Code    24  stm32f3xx_hal_tim.o(i.HAL_TIM_Base_Start_IT)
    HAL_TIM_Base_Stop_IT                     0x08003f81   Thumb Code    42  stm32f3xx_hal_tim.o(i.HAL_TIM_Base_Stop_IT)
    HAL_TIM_ConfigClockSource                0x08003fad   Thumb Code   270  stm32f3xx_hal_tim.o(i.HAL_TIM_ConfigClockSource)
    HAL_TIM_IC_CaptureCallback               0x080040c1   Thumb Code     2  stm32f3xx_hal_tim.o(i.HAL_TIM_IC_CaptureCallback)
    HAL_TIM_IC_ConfigChannel                 0x080040c3   Thumb Code   188  stm32f3xx_hal_tim.o(i.HAL_TIM_IC_ConfigChannel)
    HAL_TIM_IC_Init                          0x0800417f   Thumb Code    56  stm32f3xx_hal_tim.o(i.HAL_TIM_IC_Init)
    HAL_TIM_IC_MspInit                       0x080041b7   Thumb Code     2  stm32f3xx_hal_tim.o(i.HAL_TIM_IC_MspInit)
    HAL_TIM_IC_Start_IT                      0x080041b9   Thumb Code    84  stm32f3xx_hal_tim.o(i.HAL_TIM_IC_Start_IT)
    HAL_TIM_IC_Stop_IT                       0x0800420d   Thumb Code   102  stm32f3xx_hal_tim.o(i.HAL_TIM_IC_Stop_IT)
    HAL_TIM_IRQHandler                       0x08004273   Thumb Code   366  stm32f3xx_hal_tim.o(i.HAL_TIM_IRQHandler)
    HAL_TIM_MspPostInit                      0x080043e1   Thumb Code    98  tim.o(i.HAL_TIM_MspPostInit)
    HAL_TIM_OC_ConfigChannel                 0x0800444d   Thumb Code   112  stm32f3xx_hal_tim_ex.o(i.HAL_TIM_OC_ConfigChannel)
    HAL_TIM_OC_DelayElapsedCallback          0x080044bd   Thumb Code     2  stm32f3xx_hal_tim.o(i.HAL_TIM_OC_DelayElapsedCallback)
    HAL_TIM_OC_Init                          0x080044bf   Thumb Code    56  stm32f3xx_hal_tim.o(i.HAL_TIM_OC_Init)
    HAL_TIM_OC_MspInit                       0x080044f7   Thumb Code     2  stm32f3xx_hal_tim.o(i.HAL_TIM_OC_MspInit)
    HAL_TIM_OC_Start                         0x080044f9   Thumb Code    66  stm32f3xx_hal_tim.o(i.HAL_TIM_OC_Start)
    HAL_TIM_OC_Start_IT                      0x08004551   Thumb Code   124  stm32f3xx_hal_tim.o(i.HAL_TIM_OC_Start_IT)
    HAL_TIM_OC_Stop_IT                       0x080045e1   Thumb Code   154  stm32f3xx_hal_tim.o(i.HAL_TIM_OC_Stop_IT)
    HAL_TIM_OnePulse_Init                    0x08004691   Thumb Code    76  stm32f3xx_hal_tim.o(i.HAL_TIM_OnePulse_Init)
    HAL_TIM_OnePulse_MspInit                 0x080046dd   Thumb Code     2  stm32f3xx_hal_tim.o(i.HAL_TIM_OnePulse_MspInit)
    HAL_TIM_PWM_ConfigChannel                0x080046df   Thumb Code   312  stm32f3xx_hal_tim_ex.o(i.HAL_TIM_PWM_ConfigChannel)
    HAL_TIM_PWM_Init                         0x08004817   Thumb Code    56  stm32f3xx_hal_tim.o(i.HAL_TIM_PWM_Init)
    HAL_TIM_PWM_MspInit                      0x0800484f   Thumb Code     2  stm32f3xx_hal_tim.o(i.HAL_TIM_PWM_MspInit)
    HAL_TIM_PWM_PulseFinishedCallback        0x08004851   Thumb Code     2  stm32f3xx_hal_tim.o(i.HAL_TIM_PWM_PulseFinishedCallback)
    HAL_TIM_PWM_Start                        0x08004855   Thumb Code    66  stm32f3xx_hal_tim.o(i.HAL_TIM_PWM_Start)
    HAL_TIM_PWM_Start_IT                     0x080048ad   Thumb Code   124  stm32f3xx_hal_tim.o(i.HAL_TIM_PWM_Start_IT)
    HAL_TIM_PWM_Stop                         0x0800493d   Thumb Code   102  stm32f3xx_hal_tim.o(i.HAL_TIM_PWM_Stop)
    HAL_TIM_PWM_Stop_IT                      0x080049b9   Thumb Code   154  stm32f3xx_hal_tim.o(i.HAL_TIM_PWM_Stop_IT)
    HAL_TIM_PeriodElapsedCallback            0x08004a69   Thumb Code     2  stm32f3xx_hal_tim.o(i.HAL_TIM_PeriodElapsedCallback)
    HAL_TIM_ReadCapturedValue                0x08004a6b   Thumb Code    68  stm32f3xx_hal_tim.o(i.HAL_TIM_ReadCapturedValue)
    HAL_TIM_TriggerCallback                  0x08004aaf   Thumb Code     2  stm32f3xx_hal_tim.o(i.HAL_TIM_TriggerCallback)
    HAL_UARTEx_WakeupCallback                0x08004ab1   Thumb Code     2  stm32f3xx_hal_uart_ex.o(i.HAL_UARTEx_WakeupCallback)
    HAL_UART_ErrorCallback                   0x08004ab3   Thumb Code     2  stm32f3xx_hal_uart.o(i.HAL_UART_ErrorCallback)
    HAL_UART_IRQHandler                      0x08004ab5   Thumb Code   326  stm32f3xx_hal_uart.o(i.HAL_UART_IRQHandler)
    HAL_UART_Init                            0x08004c01   Thumb Code   112  stm32f3xx_hal_uart.o(i.HAL_UART_Init)
    HAL_UART_MspInit                         0x08004c71   Thumb Code   170  usart.o(i.HAL_UART_MspInit)
    HAL_UART_Receive_IT                      0x08004d41   Thumb Code   136  stm32f3xx_hal_uart.o(i.HAL_UART_Receive_IT)
    HAL_UART_RxCpltCallback                  0x08004dc9   Thumb Code  1084  general_math.o(i.HAL_UART_RxCpltCallback)
    HAL_UART_Transmit                        0x08005205   Thumb Code   186  stm32f3xx_hal_uart.o(i.HAL_UART_Transmit)
    HAL_UART_Transmit_IT                     0x080052bf   Thumb Code    66  stm32f3xx_hal_uart.o(i.HAL_UART_Transmit_IT)
    HAL_UART_TxCpltCallback                  0x08005301   Thumb Code     2  stm32f3xx_hal_uart.o(i.HAL_UART_TxCpltCallback)
    HardFault_Handler                        0x08005303   Thumb Code     2  stm32f3xx_it.o(i.HardFault_Handler)
    MX_ADC1_Init                             0x08005305   Thumb Code   120  adc.o(i.MX_ADC1_Init)
    MX_ADC2_Init                             0x08005391   Thumb Code    98  adc.o(i.MX_ADC2_Init)
    MX_ADC3_Init                             0x0800540d   Thumb Code   116  adc.o(i.MX_ADC3_Init)
    MX_ADC4_Init                             0x08005499   Thumb Code   100  adc.o(i.MX_ADC4_Init)
    MX_COMP2_Init                            0x08005515   Thumb Code    64  comp.o(i.MX_COMP2_Init)
    MX_COMP4_Init                            0x0800556d   Thumb Code    62  comp.o(i.MX_COMP4_Init)
    MX_CRC_Init                              0x080055c5   Thumb Code    44  crc.o(i.MX_CRC_Init)
    MX_DAC_Init                              0x08005609   Thumb Code    74  dac.o(i.MX_DAC_Init)
    MX_DMA_Init                              0x0800566d   Thumb Code   136  dma.o(i.MX_DMA_Init)
    MX_GPIO_Init                             0x080056f9   Thumb Code   226  gpio.o(i.MX_GPIO_Init)
    MX_I2C1_Init                             0x080057ed   Thumb Code    88  i2c.o(i.MX_I2C1_Init)
    MX_TIM15_Init                            0x08005861   Thumb Code   224  tim.o(i.MX_TIM15_Init)
    MX_TIM16_Init                            0x08005959   Thumb Code   152  tim.o(i.MX_TIM16_Init)
    MX_TIM1_Init                             0x08005a09   Thumb Code   260  tim.o(i.MX_TIM1_Init)
    MX_TIM2_Init                             0x08005b25   Thumb Code   168  tim.o(i.MX_TIM2_Init)
    MX_TIM6_Init                             0x08005be5   Thumb Code    66  tim.o(i.MX_TIM6_Init)
    MX_TIM7_Init                             0x08005c41   Thumb Code    60  tim.o(i.MX_TIM7_Init)
    MX_USART1_UART_Init                      0x08005c95   Thumb Code    56  usart.o(i.MX_USART1_UART_Init)
    MemManage_Handler                        0x08005ce5   Thumb Code     2  stm32f3xx_it.o(i.MemManage_Handler)
    NMI_Handler                              0x08005ce7   Thumb Code     2  stm32f3xx_it.o(i.NMI_Handler)
    Parsing                                  0x08005d09   Thumb Code  1020  general_math.o(i.Parsing)
    PendSV_Handler                           0x08006105   Thumb Code     2  stm32f3xx_it.o(i.PendSV_Handler)
    ProcAlarm                                0x08006109   Thumb Code   132  general_math.o(i.ProcAlarm)
    ProcData                                 0x080061a9   Thumb Code   292  general_math.o(i.ProcData)
    ProcDemagnetization                      0x08006305   Thumb Code    80  general_math.o(i.ProcDemagnetization)
    ProcDiag                                 0x08006369   Thumb Code   154  general_math.o(i.ProcDiag)
    SVC_Handler                              0x08006425   Thumb Code     2  stm32f3xx_it.o(i.SVC_Handler)
    SendAlarm                                0x08006429   Thumb Code   344  general_math.o(i.SendAlarm)
    SendComand                               0x080065d5   Thumb Code   268  general_math.o(i.SendComand)
    SendComandnData                          0x08006729   Thumb Code   268  general_math.o(i.SendComandnData)
    SendData                                 0x0800687d   Thumb Code   266  general_math.o(i.SendData)
    SendPacketUART                           0x080069d1   Thumb Code    32  general_math.o(i.SendPacketUART)
    SetTiming                                0x080069f9   Thumb Code    44  general_math.o(i.SetTiming)
    StartExternPWM                           0x08006a3d   Thumb Code   122  general_math.o(i.StartExternPWM)
    StartPWM                                 0x08006aed   Thumb Code   218  general_math.o(i.StartPWM)
    StopPWM                                  0x08006c01   Thumb Code   300  general_math.o(i.StopPWM)
    SysTick_Handler                          0x08006d61   Thumb Code    14  stm32f3xx_it.o(i.SysTick_Handler)
    SystemClock_Config                       0x08006d71   Thumb Code   152  main.o(i.SystemClock_Config)
    SystemInit                               0x08006e19   Thumb Code    82  system_stm32f3xx.o(i.SystemInit)
    TIM1_CC_IRQHandler                       0x08006e81   Thumb Code   202  stm32f3xx_it.o(i.TIM1_CC_IRQHandler)
    TIM1_UP_TIM16_IRQHandler                 0x08006f7d   Thumb Code   138  stm32f3xx_it.o(i.TIM1_UP_TIM16_IRQHandler)
    TIM2_IRQHandler                          0x0800702d   Thumb Code    24  stm32f3xx_it.o(i.TIM2_IRQHandler)
    TIM6_DAC_IRQHandler                      0x0800704d   Thumb Code    62  stm32f3xx_it.o(i.TIM6_DAC_IRQHandler)
    TIM7_IRQHandler                          0x08007099   Thumb Code    16  stm32f3xx_it.o(i.TIM7_IRQHandler)
    TIM_Base_SetConfig                       0x080070ad   Thumb Code   148  stm32f3xx_hal_tim.o(i.TIM_Base_SetConfig)
    TIM_CCxChannelCmd                        0x0800715d   Thumb Code    22  stm32f3xx_hal_tim.o(i.TIM_CCxChannelCmd)
    TIM_ETR_SetConfig                        0x08007173   Thumb Code    20  stm32f3xx_hal_tim.o(i.TIM_ETR_SetConfig)
    TIM_OC1_SetConfig                        0x08007199   Thumb Code   136  stm32f3xx_hal_tim.o(i.TIM_OC1_SetConfig)
    TIM_OC2_SetConfig                        0x08007239   Thumb Code   124  stm32f3xx_hal_tim.o(i.TIM_OC2_SetConfig)
    TIM_OC3_SetConfig                        0x080072cd   Thumb Code   122  stm32f3xx_hal_tim.o(i.TIM_OC3_SetConfig)
    TIM_OC4_SetConfig                        0x08007361   Thumb Code    92  stm32f3xx_hal_tim.o(i.TIM_OC4_SetConfig)
    TIM_TI1_SetConfig                        0x080074d9   Thumb Code    88  stm32f3xx_hal_tim.o(i.TIM_TI1_SetConfig)
    TimingCalc                               0x08007609   Thumb Code   240  general_math.o(i.TimingCalc)
    UART_AdvFeatureConfig                    0x08007735   Thumb Code   200  stm32f3xx_hal_uart.o(i.UART_AdvFeatureConfig)
    UART_CheckIdleState                      0x080077fd   Thumb Code    92  stm32f3xx_hal_uart.o(i.UART_CheckIdleState)
    UART_EndTransmit_IT                      0x08007889   Thumb Code    26  stm32f3xx_hal_uart.o(i.UART_EndTransmit_IT)
    UART_Receive_IT                          0x080078a3   Thumb Code   120  stm32f3xx_hal_uart.o(i.UART_Receive_IT)
    UART_SetConfig                           0x0800791d   Thumb Code   586  stm32f3xx_hal_uart.o(i.UART_SetConfig)
    UART_Transmit_IT                         0x08007b89   Thumb Code   100  stm32f3xx_hal_uart.o(i.UART_Transmit_IT)
    UART_WaitOnFlagUntilTimeout              0x08007bed   Thumb Code   100  stm32f3xx_hal_uart.o(i.UART_WaitOnFlagUntilTimeout)
    USART1_IRQHandler                        0x08007c51   Thumb Code     6  stm32f3xx_it.o(i.USART1_IRQHandler)
    UsageFault_Handler                       0x08007c5d   Thumb Code     2  stm32f3xx_it.o(i.UsageFault_Handler)
    _Error_Handler                           0x08007c5f   Thumb Code     2  main.o(i._Error_Handler)
    __ARM_fpclassifyf                        0x08007c61   Thumb Code    38  fpclassifyf.o(i.__ARM_fpclassifyf)
    __hardfp_ceil                            0x08007c89   Thumb Code   252  ceil.o(i.__hardfp_ceil)
    __hardfp_fabs                            0x08007da1   Thumb Code    20  fabs.o(i.__hardfp_fabs)
    __hardfp_floor                           0x08007db9   Thumb Code   252  floor.o(i.__hardfp_floor)
    __hardfp_floorl                          0x08007ed1   Thumb Code     4  floorl.o(i.__hardfp_floorl)
    __hardfp_logf                            0x08007ed5   Thumb Code   320  logf.o(i.__hardfp_logf)
    __mathlib_logf                           0x08007ed5   Thumb Code     0  logf.o(i.__hardfp_logf)
    __hardfp_powf                            0x08008041   Thumb Code  1606  powf.o(i.__hardfp_powf)
    __mathlib_powf                           0x08008041   Thumb Code     0  powf.o(i.__hardfp_powf)
    __mathlib_flt_divzero                    0x080086a5   Thumb Code    14  funder.o(i.__mathlib_flt_divzero)
    __mathlib_flt_infnan                     0x080086b9   Thumb Code     6  funder.o(i.__mathlib_flt_infnan)
    __mathlib_flt_infnan2                    0x080086bf   Thumb Code     6  funder.o(i.__mathlib_flt_infnan2)
    __mathlib_flt_invalid                    0x080086c5   Thumb Code    10  funder.o(i.__mathlib_flt_invalid)
    __mathlib_flt_overflow                   0x080086d5   Thumb Code    10  funder.o(i.__mathlib_flt_overflow)
    __mathlib_flt_underflow                  0x080086e5   Thumb Code    10  funder.o(i.__mathlib_flt_underflow)
    main                                     0x080086f5   Thumb Code   638  main.o(i.main)
    __aeabi_dneg                             0x080089c1   Thumb Code     0  basic.o(x$fpl$basic)
    _dneg                                    0x080089c1   Thumb Code     6  basic.o(x$fpl$basic)
    __aeabi_fneg                             0x080089c7   Thumb Code     0  basic.o(x$fpl$basic)
    _fneg                                    0x080089c7   Thumb Code     6  basic.o(x$fpl$basic)
    _dabs                                    0x080089cd   Thumb Code     6  basic.o(x$fpl$basic)
    _fabs                                    0x080089d3   Thumb Code     6  basic.o(x$fpl$basic)
    __aeabi_d2f                              0x080089d9   Thumb Code     0  d2f.o(x$fpl$d2f)
    _d2f                                     0x080089d9   Thumb Code    98  d2f.o(x$fpl$d2f)
    __aeabi_dadd                             0x08008a3d   Thumb Code     0  daddsub_clz.o(x$fpl$dadd)
    _dadd                                    0x08008a3d   Thumb Code   332  daddsub_clz.o(x$fpl$dadd)
    __fpl_dcmp_Inf                           0x08008b8d   Thumb Code    24  dcmpi.o(x$fpl$dcmpinf)
    __aeabi_ddiv                             0x08008ba5   Thumb Code     0  ddiv.o(x$fpl$ddiv)
    _ddiv                                    0x08008ba5   Thumb Code   552  ddiv.o(x$fpl$ddiv)
    __aeabi_d2iz                             0x08008e55   Thumb Code     0  dfix.o(x$fpl$dfix)
    _dfix                                    0x08008e55   Thumb Code    94  dfix.o(x$fpl$dfix)
    __aeabi_d2uiz                            0x08008eb5   Thumb Code     0  dfixu.o(x$fpl$dfixu)
    _dfixu                                   0x08008eb5   Thumb Code    90  dfixu.o(x$fpl$dfixu)
    __aeabi_i2d                              0x08008f0f   Thumb Code     0  dflt_clz.o(x$fpl$dflt)
    _dflt                                    0x08008f0f   Thumb Code    46  dflt_clz.o(x$fpl$dflt)
    __aeabi_ui2d                             0x08008f3d   Thumb Code     0  dflt_clz.o(x$fpl$dfltu)
    _dfltu                                   0x08008f3d   Thumb Code    38  dflt_clz.o(x$fpl$dfltu)
    __aeabi_cdcmple                          0x08008f65   Thumb Code     0  dleqf.o(x$fpl$dleqf)
    _dcmple                                  0x08008f65   Thumb Code   120  dleqf.o(x$fpl$dleqf)
    __fpl_dcmple_InfNaN                      0x08008fc7   Thumb Code     0  dleqf.o(x$fpl$dleqf)
    __aeabi_dmul                             0x08008fdd   Thumb Code     0  dmul.o(x$fpl$dmul)
    _dmul                                    0x08008fdd   Thumb Code   332  dmul.o(x$fpl$dmul)
    __fpl_dnaninf                            0x08009131   Thumb Code   156  dnaninf.o(x$fpl$dnaninf)
    __fpl_dretinf                            0x080091cd   Thumb Code    12  dretinf.o(x$fpl$dretinf)
    __aeabi_cdrcmple                         0x080091d9   Thumb Code     0  drleqf.o(x$fpl$drleqf)
    _drcmple                                 0x080091d9   Thumb Code   108  drleqf.o(x$fpl$drleqf)
    __aeabi_drsub                            0x08009245   Thumb Code     0  daddsub_clz.o(x$fpl$drsb)
    _drsb                                    0x08009245   Thumb Code    22  daddsub_clz.o(x$fpl$drsb)
    __aeabi_dsub                             0x0800925d   Thumb Code     0  daddsub_clz.o(x$fpl$dsub)
    _dsub                                    0x0800925d   Thumb Code   464  daddsub_clz.o(x$fpl$dsub)
    __aeabi_f2d                              0x08009431   Thumb Code     0  f2d.o(x$fpl$f2d)
    _f2d                                     0x08009431   Thumb Code    86  f2d.o(x$fpl$f2d)
    __fpl_fnaninf                            0x08009487   Thumb Code   140  fnaninf.o(x$fpl$fnaninf)
    _fp_init                                 0x08009513   Thumb Code    10  fpinit.o(x$fpl$fpinit)
    __fplib_config_fpu_vfp                   0x0800951b   Thumb Code     0  fpinit.o(x$fpl$fpinit)
    __fplib_config_pureend_doubles           0x0800951b   Thumb Code     0  fpinit.o(x$fpl$fpinit)
    __fpl_fretinf                            0x0800951d   Thumb Code    10  fretinf.o(x$fpl$fretinf)
    AHBPrescTable                            0x08009526   Data          16  system_stm32f3xx.o(.constdata)
    __I$use$fp                               0x08009526   Number         0  usenofp.o(x$fpl$usenofp)
    APBPrescTable                            0x08009536   Data           8  system_stm32f3xx.o(.constdata)
    aPLLMULFactorTable                       0x0800953e   Data          16  stm32f3xx_hal_rcc.o(.constdata)
    aPredivFactorTable                       0x0800954e   Data          16  stm32f3xx_hal_rcc.o(.constdata)
    Region$$Table$$Base                      0x080096e0   Number         0  anon$$obj.o(Region$$Table)
    Region$$Table$$Limit                     0x08009700   Number         0  anon$$obj.o(Region$$Table)
    SystemCoreClock                          0x20000000   Data           4  system_stm32f3xx.o(.data)
    psk                                      0x2000000c   Data           4  main.o(.data)
    DeathTime_u                              0x20000010   Data           4  main.o(.data)
    Overlap_u                                0x20000014   Data           4  main.o(.data)
    TimeLimit_u                              0x20000018   Data           4  main.o(.data)
    Tick                                     0x2000001c   Data           4  main.o(.data)
    State                                    0x20000020   Data           1  main.o(.data)
    DataLenght                               0x20000022   Data           2  main.o(.data)
    Position                                 0x20000024   Data           1  main.o(.data)
    f1                                       0x20000028   Data           4  main.o(.data)
    f2                                       0x2000002c   Data           4  main.o(.data)
    BR                                       0x20000030   Data           4  main.o(.data)
    Mode                                     0x20000034   Data           1  main.o(.data)
    fgen                                     0x20000036   Data           2  main.o(.data)
    SoftStart                                0x20000038   Data           1  main.o(.data)
    Period                                   0x2000003c   Data           4  main.o(.data)
    Pulse_1                                  0x20000040   Data           4  main.o(.data)
    Pulse_2                                  0x20000044   Data           4  main.o(.data)
    Pulse_3                                  0x20000048   Data           4  main.o(.data)
    Pulse_4                                  0x2000004c   Data           4  main.o(.data)
    DeathTime                                0x20000050   Data           4  main.o(.data)
    Overlap                                  0x20000054   Data           4  main.o(.data)
    TimeLimit                                0x20000058   Data           4  main.o(.data)
    tmp                                      0x2000005c   Data           4  main.o(.data)
    aCNT                                     0x20000060   Data           4  main.o(.data)
    sec                                      0x20000064   Data           1  stm32f3xx_it.o(.data)
    n_s                                      0x20000065   Data           1  stm32f3xx_it.o(.data)
    min                                      0x20000068   Data           4  stm32f3xx_it.o(.data)
    TransMode                                0x2000006c   Data           1  general_math.o(.data)
    f_change                                 0x2000006d   Data           1  general_math.o(.data)
    defcnt                                   0x2000006e   Data           1  general_math.o(.data)
    n                                        0x2000006f   Data           1  general_math.o(.data)
    n_IC                                     0x20000070   Data           1  general_math.o(.data)
    n_stop                                   0x20000071   Data           1  general_math.o(.data)
    diag                                     0x20000072   Data           1  general_math.o(.data)
    def                                      0x20000073   Data           1  general_math.o(.data)
    CodeMode                                 0x20000074   Data           1  general_math.o(.data)
    SendForm                                 0x20000075   Data           1  general_math.o(.data)
    RepeatNum                                0x20000076   Data           1  general_math.o(.data)
    tmpComand                                0x20000077   Data           1  general_math.o(.data)
    StartSend                                0x20000078   Data           1  general_math.o(.data)
    StopDiag                                 0x20000079   Data           1  general_math.o(.data)
    UART2_RecvType                           0x2000007a   Data           1  general_math.o(.data)
    CCR1tmp                                  0x2000007c   Data           2  general_math.o(.data)
    freq                                     0x2000007e   Data           2  general_math.o(.data)
    U1rise1                                  0x20000080   Data           4  general_math.o(.data)
    U1fall1                                  0x20000084   Data           4  general_math.o(.data)
    U2rise1                                  0x20000088   Data           4  general_math.o(.data)
    U2fall1                                  0x2000008c   Data           4  general_math.o(.data)
    U3rise1                                  0x20000090   Data           4  general_math.o(.data)
    U3fall1                                  0x20000094   Data           4  general_math.o(.data)
    U4rise1                                  0x20000098   Data           4  general_math.o(.data)
    U4fall1                                  0x2000009c   Data           4  general_math.o(.data)
    U1rise2                                  0x200000a0   Data           4  general_math.o(.data)
    U1fall2                                  0x200000a4   Data           4  general_math.o(.data)
    U2rise2                                  0x200000a8   Data           4  general_math.o(.data)
    U2fall2                                  0x200000ac   Data           4  general_math.o(.data)
    U3rise2                                  0x200000b0   Data           4  general_math.o(.data)
    U3fall2                                  0x200000b4   Data           4  general_math.o(.data)
    U4rise2                                  0x200000b8   Data           4  general_math.o(.data)
    U4fall2                                  0x200000bc   Data           4  general_math.o(.data)
    mean1                                    0x200000c0   Data           4  general_math.o(.data)
    mean2                                    0x200000c4   Data           4  general_math.o(.data)
    mean3                                    0x200000c8   Data           4  general_math.o(.data)
    mean4                                    0x200000cc   Data           4  general_math.o(.data)
    L0                                       0x200000d0   Data           4  general_math.o(.data)
    Us                                       0x200000d4   Data           4  general_math.o(.data)
    Us1                                      0x200000d8   Data           4  general_math.o(.data)
    Us2                                      0x200000dc   Data           4  general_math.o(.data)
    Us3                                      0x200000e0   Data           4  general_math.o(.data)
    Us4                                      0x200000e4   Data           4  general_math.o(.data)
    DiagTime                                 0x200000e8   Data           4  general_math.o(.data)
    DiagCNT                                  0x200000ec   Data           4  general_math.o(.data)
    tmpData                                  0x200000f0   Data           4  general_math.o(.data)
    ADC1buff                                 0x200000f4   Data           4  general_math.o(.data)
    ADC2buff                                 0x200000f8   Data           4  general_math.o(.data)
    ADC3buff                                 0x200000fc   Data           4  general_math.o(.data)
    ADC4buff                                 0x20000100   Data           4  general_math.o(.data)
    C1                                       0x20000104   Data           4  general_math.o(.data)
    C2                                       0x20000108   Data           4  general_math.o(.data)
    C3                                       0x2000010c   Data           4  general_math.o(.data)
    C4                                       0x20000110   Data           4  general_math.o(.data)
    C1corr                                   0x20000114   Data           4  general_math.o(.data)
    C2corr                                   0x20000118   Data           4  general_math.o(.data)
    C3corr                                   0x2000011c   Data           4  general_math.o(.data)
    C4corr                                   0x20000120   Data           4  general_math.o(.data)
    L1                                       0x20000124   Data           4  general_math.o(.data)
    L2                                       0x20000128   Data           4  general_math.o(.data)
    L3                                       0x2000012c   Data           4  general_math.o(.data)
    L4                                       0x20000130   Data           4  general_math.o(.data)
    R1                                       0x20000134   Data           4  general_math.o(.data)
    R2                                       0x20000138   Data           4  general_math.o(.data)
    R3                                       0x2000013c   Data           4  general_math.o(.data)
    R4                                       0x20000140   Data           4  general_math.o(.data)
    P1                                       0x20000144   Data           4  general_math.o(.data)
    P2                                       0x20000148   Data           4  general_math.o(.data)
    P3                                       0x2000014c   Data           4  general_math.o(.data)
    P4                                       0x20000150   Data           4  general_math.o(.data)
    R1a                                      0x20000154   Data           4  general_math.o(.data)
    R2a                                      0x20000158   Data           4  general_math.o(.data)
    R3a                                      0x2000015c   Data           4  general_math.o(.data)
    R4a                                      0x20000160   Data           4  general_math.o(.data)
    P1a                                      0x20000164   Data           4  general_math.o(.data)
    P2a                                      0x20000168   Data           4  general_math.o(.data)
    P3a                                      0x2000016c   Data           4  general_math.o(.data)
    P4a                                      0x20000170   Data           4  general_math.o(.data)
    P1m                                      0x20000174   Data           4  general_math.o(.data)
    P2m                                      0x20000178   Data           4  general_math.o(.data)
    P3m                                      0x2000017c   Data           4  general_math.o(.data)
    P4m                                      0x20000180   Data           4  general_math.o(.data)
    I1                                       0x20000184   Data           4  general_math.o(.data)
    I2                                       0x20000188   Data           4  general_math.o(.data)
    I3                                       0x2000018c   Data           4  general_math.o(.data)
    I4                                       0x20000190   Data           4  general_math.o(.data)
    I1a                                      0x20000194   Data           4  general_math.o(.data)
    I2a                                      0x20000198   Data           4  general_math.o(.data)
    I3a                                      0x2000019c   Data           4  general_math.o(.data)
    I4a                                      0x200001a0   Data           4  general_math.o(.data)
    I1m                                      0x200001a4   Data           4  general_math.o(.data)
    I2m                                      0x200001a8   Data           4  general_math.o(.data)
    I3m                                      0x200001ac   Data           4  general_math.o(.data)
    I4m                                      0x200001b0   Data           4  general_math.o(.data)
    UART2RecvData                            0x200001b4   Data           8  general_math.o(.data)
    uwTick                                   0x200001bc   Data           4  stm32f3xx_hal.o(.data)
    hadc1                                    0x200001c0   Data          84  adc.o(.bss)
    hadc2                                    0x20000214   Data          84  adc.o(.bss)
    hadc3                                    0x20000268   Data          84  adc.o(.bss)
    hadc4                                    0x200002bc   Data          84  adc.o(.bss)
    hdma_adc1                                0x20000310   Data          68  adc.o(.bss)
    hdma_adc2                                0x20000354   Data          68  adc.o(.bss)
    hdma_adc3                                0x20000398   Data          68  adc.o(.bss)
    hdma_adc4                                0x200003dc   Data          68  adc.o(.bss)
    Data                                     0x20000420   Data         256  main.o(.bss)
    huart1                                   0x20000520   Data         112  usart.o(.bss)
    hdma_usart1_rx                           0x20000590   Data          68  usart.o(.bss)
    hdma_usart1_tx                           0x200005d4   Data          68  usart.o(.bss)
    hcomp2                                   0x20000618   Data          44  comp.o(.bss)
    hcomp4                                   0x20000644   Data          44  comp.o(.bss)
    hi2c1                                    0x20000670   Data          76  i2c.o(.bss)
    hdac                                     0x200006bc   Data          20  dac.o(.bss)
    htim1                                    0x200006d0   Data          64  tim.o(.bss)
    htim2                                    0x20000710   Data          64  tim.o(.bss)
    htim6                                    0x20000750   Data          64  tim.o(.bss)
    htim7                                    0x20000790   Data          64  tim.o(.bss)
    htim15                                   0x200007d0   Data          64  tim.o(.bss)
    htim16                                   0x20000810   Data          64  tim.o(.bss)
    STATUS                                   0x20000850   Data         136  general_math.o(.bss)
    SETUP                                    0x200008d8   Data          60  general_math.o(.bss)
    hcrc                                     0x20000914   Data          36  crc.o(.bss)
    __libspace_start                         0x20000938   Data          96  libspace.o(.bss)
    __temporary_stack_top$libspace           0x20000998   Data           0  libspace.o(.bss)



==============================================================================

Memory Map of the image

  Image Entry point : 0x08000189

  Load Region LR_IROM1 (Base: 0x08000000, Size: 0x000098c0, Max: 0x00040000, ABSOLUTE, COMPRESSED[0x00009740])

    Execution Region ER_IROM1 (Base: 0x08000000, Size: 0x00009700, Max: 0x00040000, ABSOLUTE)

    Base Addr    Size         Type   Attr      Idx    E Section Name        Object

    0x08000000   0x00000188   Data   RO          163    RESET               startup_stm32f303xc.o
    0x08000188   0x00000008   Code   RO         4787  * !!!main             c_w.l(__main.o)
    0x08000190   0x00000034   Code   RO         5068    !!!scatter          c_w.l(__scatter.o)
    0x080001c4   0x0000005a   Code   RO         5066    !!dczerorl2         c_w.l(__dczerorl2.o)
    0x0800021e   0x00000002   PAD
    0x08000220   0x0000001c   Code   RO         5070    !!handler_zi        c_w.l(__scatter_zi.o)
    0x0800023c   0x00000002   Code   RO         4939    .ARM.Collect$$libinit$$00000000  c_w.l(libinit.o)
    0x0800023e   0x00000004   Code   RO         4942    .ARM.Collect$$libinit$$00000001  c_w.l(libinit2.o)
    0x08000242   0x00000000   Code   RO         4945    .ARM.Collect$$libinit$$00000004  c_w.l(libinit2.o)
    0x08000242   0x00000000   Code   RO         4948    .ARM.Collect$$libinit$$0000000A  c_w.l(libinit2.o)
    0x08000242   0x00000000   Code   RO         4950    .ARM.Collect$$libinit$$0000000C  c_w.l(libinit2.o)
    0x08000242   0x00000000   Code   RO         4952    .ARM.Collect$$libinit$$0000000E  c_w.l(libinit2.o)
    0x08000242   0x00000000   Code   RO         4955    .ARM.Collect$$libinit$$00000011  c_w.l(libinit2.o)
    0x08000242   0x00000000   Code   RO         4957    .ARM.Collect$$libinit$$00000013  c_w.l(libinit2.o)
    0x08000242   0x00000000   Code   RO         4959    .ARM.Collect$$libinit$$00000015  c_w.l(libinit2.o)
    0x08000242   0x00000000   Code   RO         4961    .ARM.Collect$$libinit$$00000017  c_w.l(libinit2.o)
    0x08000242   0x00000000   Code   RO         4963    .ARM.Collect$$libinit$$00000019  c_w.l(libinit2.o)
    0x08000242   0x00000000   Code   RO         4965    .ARM.Collect$$libinit$$0000001B  c_w.l(libinit2.o)
    0x08000242   0x00000000   Code   RO         4967    .ARM.Collect$$libinit$$0000001D  c_w.l(libinit2.o)
    0x08000242   0x00000000   Code   RO         4969    .ARM.Collect$$libinit$$0000001F  c_w.l(libinit2.o)
    0x08000242   0x00000000   Code   RO         4971    .ARM.Collect$$libinit$$00000021  c_w.l(libinit2.o)
    0x08000242   0x00000000   Code   RO         4973    .ARM.Collect$$libinit$$00000023  c_w.l(libinit2.o)
    0x08000242   0x00000000   Code   RO         4975    .ARM.Collect$$libinit$$00000025  c_w.l(libinit2.o)
    0x08000242   0x00000000   Code   RO         4979    .ARM.Collect$$libinit$$0000002C  c_w.l(libinit2.o)
    0x08000242   0x00000000   Code   RO         4981    .ARM.Collect$$libinit$$0000002E  c_w.l(libinit2.o)
    0x08000242   0x00000000   Code   RO         4983    .ARM.Collect$$libinit$$00000030  c_w.l(libinit2.o)
    0x08000242   0x00000000   Code   RO         4985    .ARM.Collect$$libinit$$00000032  c_w.l(libinit2.o)
    0x08000242   0x00000002   Code   RO         4986    .ARM.Collect$$libinit$$00000033  c_w.l(libinit2.o)
    0x08000244   0x00000002   Code   RO         5006    .ARM.Collect$$libshutdown$$00000000  c_w.l(libshutdown.o)
    0x08000246   0x00000000   Code   RO         5019    .ARM.Collect$$libshutdown$$00000002  c_w.l(libshutdown2.o)
    0x08000246   0x00000000   Code   RO         5021    .ARM.Collect$$libshutdown$$00000004  c_w.l(libshutdown2.o)
    0x08000246   0x00000000   Code   RO         5024    .ARM.Collect$$libshutdown$$00000007  c_w.l(libshutdown2.o)
    0x08000246   0x00000000   Code   RO         5027    .ARM.Collect$$libshutdown$$0000000A  c_w.l(libshutdown2.o)
    0x08000246   0x00000000   Code   RO         5029    .ARM.Collect$$libshutdown$$0000000C  c_w.l(libshutdown2.o)
    0x08000246   0x00000000   Code   RO         5032    .ARM.Collect$$libshutdown$$0000000F  c_w.l(libshutdown2.o)
    0x08000246   0x00000002   Code   RO         5033    .ARM.Collect$$libshutdown$$00000010  c_w.l(libshutdown2.o)
    0x08000248   0x00000000   Code   RO         4869    .ARM.Collect$$rtentry$$00000000  c_w.l(__rtentry.o)
    0x08000248   0x00000000   Code   RO         4908    .ARM.Collect$$rtentry$$00000002  c_w.l(__rtentry2.o)
    0x08000248   0x00000006   Code   RO         4920    .ARM.Collect$$rtentry$$00000004  c_w.l(__rtentry4.o)
    0x0800024e   0x00000000   Code   RO         4910    .ARM.Collect$$rtentry$$00000009  c_w.l(__rtentry2.o)
    0x0800024e   0x00000004   Code   RO         4911    .ARM.Collect$$rtentry$$0000000A  c_w.l(__rtentry2.o)
    0x08000252   0x00000000   Code   RO         4913    .ARM.Collect$$rtentry$$0000000C  c_w.l(__rtentry2.o)
    0x08000252   0x00000008   Code   RO         4914    .ARM.Collect$$rtentry$$0000000D  c_w.l(__rtentry2.o)
    0x0800025a   0x00000002   Code   RO         4940    .ARM.Collect$$rtexit$$00000000  c_w.l(rtexit.o)
    0x0800025c   0x00000000   Code   RO         4988    .ARM.Collect$$rtexit$$00000002  c_w.l(rtexit2.o)
    0x0800025c   0x00000004   Code   RO         4989    .ARM.Collect$$rtexit$$00000003  c_w.l(rtexit2.o)
    0x08000260   0x00000006   Code   RO         4990    .ARM.Collect$$rtexit$$00000004  c_w.l(rtexit2.o)
    0x08000266   0x00000002   PAD
    0x08000268   0x00000040   Code   RO          164    .text               startup_stm32f303xc.o
    0x080002a8   0x00000006   Code   RO         4785    .text               c_w.l(heapauxi.o)
    0x080002ae   0x00000016   Code   RO         4870    .text               c_w.l(_rserrno.o)
    0x080002c4   0x00000008   Code   RO         4925    .text               c_w.l(rt_errno_addr_intlibspace.o)
    0x080002cc   0x00000008   Code   RO         4927    .text               c_w.l(libspace.o)
    0x080002d4   0x0000004a   Code   RO         4930    .text               c_w.l(sys_stackheap_outer.o)
    0x0800031e   0x00000012   Code   RO         4932    .text               c_w.l(exit.o)
    0x08000330   0x0000000c   Code   RO         4998    .text               c_w.l(sys_exit.o)
    0x0800033c   0x00000002   Code   RO         5009    .text               c_w.l(use_no_semi.o)
    0x0800033e   0x00000000   Code   RO         5011    .text               c_w.l(indicate_semi.o)
    0x0800033e   0x00000002   PAD
    0x08000340   0x000000cc   Code   RO         3508    i.ADC_ConversionStop  stm32f3xx_hal_adc_ex.o
    0x0800040c   0x00000074   Code   RO         3512    i.ADC_Disable       stm32f3xx_hal_adc_ex.o
    0x08000480   0x00000074   Code   RO         3513    i.ADC_Enable        stm32f3xx_hal_adc_ex.o
    0x080004f4   0x00000002   Code   RO          649    i.BusFault_Handler  stm32f3xx_it.o
    0x080004f6   0x00000002   PAD
    0x080004f8   0x0000000c   Code   RO          650    i.COMP1_2_3_IRQHandler  stm32f3xx_it.o
    0x08000504   0x0000000c   Code   RO          651    i.COMP4_5_6_IRQHandler  stm32f3xx_it.o
    0x08000510   0x00000050   Code   RO          842    i.CalculateC        general_math.o
    0x08000560   0x00000084   Code   RO          843    i.CalculateI        general_math.o
    0x080005e4   0x00000050   Code   RO          844    i.CalculateL        general_math.o
    0x08000634   0x000000c0   Code   RO          845    i.CalculateP        general_math.o
    0x080006f4   0x00000140   Code   RO          846    i.CalculateR        general_math.o
    0x08000834   0x00000178   Code   RO          847    i.CalculateSupply   general_math.o
    0x080009ac   0x00000060   Code   RO          848    i.CommandReply      general_math.o
    0x08000a0c   0x000000d4   Code   RO          849    i.CorrectTIM        general_math.o
    0x08000ae0   0x0000000c   Code   RO          652    i.DMA1_Channel1_IRQHandler  stm32f3xx_it.o
    0x08000aec   0x0000000c   Code   RO          653    i.DMA1_Channel4_IRQHandler  stm32f3xx_it.o
    0x08000af8   0x0000000c   Code   RO          654    i.DMA1_Channel5_IRQHandler  stm32f3xx_it.o
    0x08000b04   0x0000000c   Code   RO          655    i.DMA2_Channel1_IRQHandler  stm32f3xx_it.o
    0x08000b10   0x0000000c   Code   RO          656    i.DMA2_Channel2_IRQHandler  stm32f3xx_it.o
    0x08000b1c   0x0000000c   Code   RO          657    i.DMA2_Channel5_IRQHandler  stm32f3xx_it.o
    0x08000b28   0x00000040   Code   RO         2628    i.DMA_CalcBaseAndBitshift  stm32f3xx_hal_dma.o
    0x08000b68   0x00000002   Code   RO          658    i.DebugMon_Handler  stm32f3xx_it.o
    0x08000b6a   0x00000002   PAD
    0x08000b6c   0x000000c0   Code   RO          851    i.Diag              general_math.o
    0x08000c2c   0x00000018   Code   RO          852    i.DiagnSendAlarm    general_math.o
    0x08000c44   0x00000014   Code   RO          853    i.DiagnSendComand   general_math.o
    0x08000c58   0x00000014   Code   RO          855    i.DiagnSendData     general_math.o
    0x08000c6c   0x0000001e   Code   RO          659    i.EXTI15_10_IRQHandler  stm32f3xx_it.o
    0x08000c8a   0x00000002   PAD
    0x08000c8c   0x000000c0   Code   RO          856    i.ExternPWM         general_math.o
    0x08000d4c   0x0000029c   Code   RO          857    i.FormSTATUS        general_math.o
    0x08000fe8   0x000000cc   Code   RO          858    i.Generator         general_math.o
    0x080010b4   0x000009bc   Code   RO          859    i.GetVoltage        general_math.o
    0x08001a70   0x00000018   Code   RO         3514    i.HAL_ADCEx_Calibration_GetValue  stm32f3xx_hal_adc_ex.o
    0x08001a88   0x0000006c   Code   RO         3515    i.HAL_ADCEx_Calibration_SetValue  stm32f3xx_hal_adc_ex.o
    0x08001af4   0x00000096   Code   RO         3516    i.HAL_ADCEx_Calibration_Start  stm32f3xx_hal_adc_ex.o
    0x08001b8a   0x00000002   PAD
    0x08001b8c   0x00000118   Code   RO         3528    i.HAL_ADCEx_MultiModeConfigChannel  stm32f3xx_hal_adc_ex.o
    0x08001ca4   0x00000380   Code   RO         3537    i.HAL_ADC_ConfigChannel  stm32f3xx_hal_adc_ex.o
    0x08002024   0x00000006   Code   RO         3539    i.HAL_ADC_GetValue  stm32f3xx_hal_adc_ex.o
    0x0800202a   0x00000002   PAD
    0x0800202c   0x0000025c   Code   RO         3541    i.HAL_ADC_Init      stm32f3xx_hal_adc_ex.o
    0x08002288   0x00000200   Code   RO          172    i.HAL_ADC_MspInit   adc.o
    0x08002488   0x00000130   Code   RO         3542    i.HAL_ADC_PollForConversion  stm32f3xx_hal_adc_ex.o
    0x080025b8   0x00000150   Code   RO         3544    i.HAL_ADC_Start     stm32f3xx_hal_adc_ex.o
    0x08002708   0x0000003e   Code   RO         3547    i.HAL_ADC_Stop      stm32f3xx_hal_adc_ex.o
    0x08002746   0x00000002   PAD
    0x08002748   0x00000080   Code   RO         3775    i.HAL_COMP_IRQHandler  stm32f3xx_hal_comp.o
    0x080027c8   0x000000b8   Code   RO         3776    i.HAL_COMP_Init     stm32f3xx_hal_comp.o
    0x08002880   0x00000068   Code   RO          416    i.HAL_COMP_MspInit  comp.o
    0x080028e8   0x0000001c   Code   RO          860    i.HAL_COMP_TriggerCallback  general_math.o
    0x08002904   0x0000004e   Code   RO         4676    i.HAL_CRCEx_Polynomial_Set  stm32f3xx_hal_crc_ex.o
    0x08002952   0x00000002   PAD
    0x08002954   0x00000080   Code   RO         4716    i.HAL_CRC_Init      stm32f3xx_hal_crc.o
    0x080029d4   0x00000028   Code   RO         1121    i.HAL_CRC_MspInit   crc.o
    0x080029fc   0x00000002   Code   RO         4400    i.HAL_DACEx_DMAUnderrunCallbackCh2  stm32f3xx_hal_dac_ex.o
    0x080029fe   0x00000042   Code   RO         4406    i.HAL_DAC_ConfigChannel  stm32f3xx_hal_dac_ex.o
    0x08002a40   0x00000002   Code   RO         1874    i.HAL_DAC_DMAUnderrunCallbackCh1  stm32f3xx_hal_dac.o
    0x08002a42   0x00000064   Code   RO         4408    i.HAL_DAC_IRQHandler  stm32f3xx_hal_dac_ex.o
    0x08002aa6   0x0000002a   Code   RO         1880    i.HAL_DAC_Init      stm32f3xx_hal_dac.o
    0x08002ad0   0x00000050   Code   RO          530    i.HAL_DAC_MspInit   dac.o
    0x08002b20   0x0000004a   Code   RO         2631    i.HAL_DMA_Abort_IT  stm32f3xx_hal_dma.o
    0x08002b6a   0x000000ba   Code   RO         2635    i.HAL_DMA_IRQHandler  stm32f3xx_hal_dma.o
    0x08002c24   0x00000056   Code   RO         2636    i.HAL_DMA_Init      stm32f3xx_hal_dma.o
    0x08002c7a   0x00000016   Code   RO         2735    i.HAL_Delay         stm32f3xx_hal.o
    0x08002c90   0x00000098   Code   RO          861    i.HAL_GPIO_EXTI_Callback  general_math.o
    0x08002d28   0x00000018   Code   RO         3870    i.HAL_GPIO_EXTI_IRQHandler  stm32f3xx_hal_gpio.o
    0x08002d40   0x00000194   Code   RO         3871    i.HAL_GPIO_Init     stm32f3xx_hal_gpio.o
    0x08002ed4   0x0000000e   Code   RO         3873    i.HAL_GPIO_ReadPin  stm32f3xx_hal_gpio.o
    0x08002ee2   0x0000000c   Code   RO         3875    i.HAL_GPIO_WritePin  stm32f3xx_hal_gpio.o
    0x08002eee   0x00000002   PAD
    0x08002ef0   0x0000000c   Code   RO         2739    i.HAL_GetTick       stm32f3xx_hal.o
    0x08002efc   0x0000005a   Code   RO         3976    i.HAL_I2CEx_ConfigAnalogFilter  stm32f3xx_hal_i2c_ex.o
    0x08002f56   0x00000056   Code   RO         3977    i.HAL_I2CEx_ConfigDigitalFilter  stm32f3xx_hal_i2c_ex.o
    0x08002fac   0x000000c0   Code   RO         1308    i.HAL_I2C_Init      stm32f3xx_hal_i2c.o
    0x0800306c   0x0000004c   Code   RO          488    i.HAL_I2C_MspInit   i2c.o
    0x080030b8   0x00000010   Code   RO         2740    i.HAL_IncTick       stm32f3xx_hal.o
    0x080030c8   0x00000024   Code   RO         2741    i.HAL_Init          stm32f3xx_hal.o
    0x080030ec   0x00000028   Code   RO         2742    i.HAL_InitTick      stm32f3xx_hal.o
    0x08003114   0x00000070   Code   RO          463    i.HAL_MspInit       stm32f3xx_hal_msp.o
    0x08003184   0x00000016   Code   RO         1167    i.HAL_NVIC_EnableIRQ  stm32f3xx_hal_cortex.o
    0x0800319a   0x00000002   PAD
    0x0800319c   0x00000040   Code   RO         1173    i.HAL_NVIC_SetPriority  stm32f3xx_hal_cortex.o
    0x080031dc   0x00000024   Code   RO         1174    i.HAL_NVIC_SetPriorityGrouping  stm32f3xx_hal_cortex.o
    0x08003200   0x00000218   Code   RO         3936    i.HAL_RCCEx_PeriphCLKConfig  stm32f3xx_hal_rcc_ex.o
    0x08003418   0x000001e0   Code   RO         4031    i.HAL_RCC_ClockConfig  stm32f3xx_hal_rcc.o
    0x080035f8   0x0000000c   Code   RO         4036    i.HAL_RCC_GetHCLKFreq  stm32f3xx_hal_rcc.o
    0x08003604   0x0000002c   Code   RO         4038    i.HAL_RCC_GetPCLK1Freq  stm32f3xx_hal_rcc.o
    0x08003630   0x0000002c   Code   RO         4039    i.HAL_RCC_GetPCLK2Freq  stm32f3xx_hal_rcc.o
    0x0800365c   0x00000068   Code   RO         4040    i.HAL_RCC_GetSysClockFreq  stm32f3xx_hal_rcc.o
    0x080036c4   0x000005fc   Code   RO         4043    i.HAL_RCC_OscConfig  stm32f3xx_hal_rcc.o
    0x08003cc0   0x0000001c   Code   RO         1176    i.HAL_SYSTICK_CLKSourceConfig  stm32f3xx_hal_cortex.o
    0x08003cdc   0x00000002   Code   RO         1177    i.HAL_SYSTICK_Callback  stm32f3xx_hal_cortex.o
    0x08003cde   0x00000028   Code   RO         1178    i.HAL_SYSTICK_Config  stm32f3xx_hal_cortex.o
    0x08003d06   0x00000008   Code   RO         1179    i.HAL_SYSTICK_IRQHandler  stm32f3xx_hal_cortex.o
    0x08003d0e   0x00000002   Code   RO         2355    i.HAL_TIMEx_BreakCallback  stm32f3xx_hal_tim_ex.o
    0x08003d10   0x00000002   Code   RO         2356    i.HAL_TIMEx_CommutationCallback  stm32f3xx_hal_tim_ex.o
    0x08003d12   0x00000002   PAD
    0x08003d14   0x00000094   Code   RO         2357    i.HAL_TIMEx_ConfigBreakDeadTime  stm32f3xx_hal_tim_ex.o
    0x08003da8   0x00000058   Code   RO         2373    i.HAL_TIMEx_MasterConfigSynchronization  stm32f3xx_hal_tim_ex.o
    0x08003e00   0x00000038   Code   RO         2865    i.HAL_TIM_Base_Init  stm32f3xx_hal_tim.o
    0x08003e38   0x00000130   Code   RO          572    i.HAL_TIM_Base_MspInit  tim.o
    0x08003f68   0x00000018   Code   RO         2870    i.HAL_TIM_Base_Start_IT  stm32f3xx_hal_tim.o
    0x08003f80   0x0000002a   Code   RO         2873    i.HAL_TIM_Base_Stop_IT  stm32f3xx_hal_tim.o
    0x08003faa   0x00000002   PAD
    0x08003fac   0x00000114   Code   RO         2874    i.HAL_TIM_ConfigClockSource  stm32f3xx_hal_tim.o
    0x080040c0   0x00000002   Code   RO         2894    i.HAL_TIM_IC_CaptureCallback  stm32f3xx_hal_tim.o
    0x080040c2   0x000000bc   Code   RO         2895    i.HAL_TIM_IC_ConfigChannel  stm32f3xx_hal_tim.o
    0x0800417e   0x00000038   Code   RO         2898    i.HAL_TIM_IC_Init   stm32f3xx_hal_tim.o
    0x080041b6   0x00000002   Code   RO         2900    i.HAL_TIM_IC_MspInit  stm32f3xx_hal_tim.o
    0x080041b8   0x00000054   Code   RO         2903    i.HAL_TIM_IC_Start_IT  stm32f3xx_hal_tim.o
    0x0800420c   0x00000066   Code   RO         2906    i.HAL_TIM_IC_Stop_IT  stm32f3xx_hal_tim.o
    0x08004272   0x0000016e   Code   RO         2907    i.HAL_TIM_IRQHandler  stm32f3xx_hal_tim.o
    0x080043e0   0x0000006c   Code   RO          573    i.HAL_TIM_MspPostInit  tim.o
    0x0800444c   0x00000070   Code   RO         2392    i.HAL_TIM_OC_ConfigChannel  stm32f3xx_hal_tim_ex.o
    0x080044bc   0x00000002   Code   RO         2910    i.HAL_TIM_OC_DelayElapsedCallback  stm32f3xx_hal_tim.o
    0x080044be   0x00000038   Code   RO         2912    i.HAL_TIM_OC_Init   stm32f3xx_hal_tim.o
    0x080044f6   0x00000002   Code   RO         2914    i.HAL_TIM_OC_MspInit  stm32f3xx_hal_tim.o
    0x080044f8   0x00000058   Code   RO         2915    i.HAL_TIM_OC_Start  stm32f3xx_hal_tim.o
    0x08004550   0x00000090   Code   RO         2917    i.HAL_TIM_OC_Start_IT  stm32f3xx_hal_tim.o
    0x080045e0   0x000000b0   Code   RO         2920    i.HAL_TIM_OC_Stop_IT  stm32f3xx_hal_tim.o
    0x08004690   0x0000004c   Code   RO         2924    i.HAL_TIM_OnePulse_Init  stm32f3xx_hal_tim.o
    0x080046dc   0x00000002   Code   RO         2926    i.HAL_TIM_OnePulse_MspInit  stm32f3xx_hal_tim.o
    0x080046de   0x00000138   Code   RO         2393    i.HAL_TIM_PWM_ConfigChannel  stm32f3xx_hal_tim_ex.o
    0x08004816   0x00000038   Code   RO         2934    i.HAL_TIM_PWM_Init  stm32f3xx_hal_tim.o
    0x0800484e   0x00000002   Code   RO         2936    i.HAL_TIM_PWM_MspInit  stm32f3xx_hal_tim.o
    0x08004850   0x00000002   Code   RO         2937    i.HAL_TIM_PWM_PulseFinishedCallback  stm32f3xx_hal_tim.o
    0x08004852   0x00000002   PAD
    0x08004854   0x00000058   Code   RO         2938    i.HAL_TIM_PWM_Start  stm32f3xx_hal_tim.o
    0x080048ac   0x00000090   Code   RO         2940    i.HAL_TIM_PWM_Start_IT  stm32f3xx_hal_tim.o
    0x0800493c   0x0000007c   Code   RO         2941    i.HAL_TIM_PWM_Stop  stm32f3xx_hal_tim.o
    0x080049b8   0x000000b0   Code   RO         2943    i.HAL_TIM_PWM_Stop_IT  stm32f3xx_hal_tim.o
    0x08004a68   0x00000002   Code   RO         2944    i.HAL_TIM_PeriodElapsedCallback  stm32f3xx_hal_tim.o
    0x08004a6a   0x00000044   Code   RO         2945    i.HAL_TIM_ReadCapturedValue  stm32f3xx_hal_tim.o
    0x08004aae   0x00000002   Code   RO         2948    i.HAL_TIM_TriggerCallback  stm32f3xx_hal_tim.o
    0x08004ab0   0x00000002   Code   RO         1820    i.HAL_UARTEx_WakeupCallback  stm32f3xx_hal_uart_ex.o
    0x08004ab2   0x00000002   Code   RO         2017    i.HAL_UART_ErrorCallback  stm32f3xx_hal_uart.o
    0x08004ab4   0x0000014c   Code   RO         2020    i.HAL_UART_IRQHandler  stm32f3xx_hal_uart.o
    0x08004c00   0x00000070   Code   RO         2021    i.HAL_UART_Init     stm32f3xx_hal_uart.o
    0x08004c70   0x000000d0   Code   RO          350    i.HAL_UART_MspInit  usart.o
    0x08004d40   0x00000088   Code   RO         2026    i.HAL_UART_Receive_IT  stm32f3xx_hal_uart.o
    0x08004dc8   0x0000043c   Code   RO          862    i.HAL_UART_RxCpltCallback  general_math.o
    0x08005204   0x000000ba   Code   RO         2029    i.HAL_UART_Transmit  stm32f3xx_hal_uart.o
    0x080052be   0x00000042   Code   RO         2031    i.HAL_UART_Transmit_IT  stm32f3xx_hal_uart.o
    0x08005300   0x00000002   Code   RO         2032    i.HAL_UART_TxCpltCallback  stm32f3xx_hal_uart.o
    0x08005302   0x00000002   Code   RO          660    i.HardFault_Handler  stm32f3xx_it.o
    0x08005304   0x0000008c   Code   RO          173    i.MX_ADC1_Init      adc.o
    0x08005390   0x0000007c   Code   RO          174    i.MX_ADC2_Init      adc.o
    0x0800540c   0x0000008c   Code   RO          175    i.MX_ADC3_Init      adc.o
    0x08005498   0x0000007c   Code   RO          176    i.MX_ADC4_Init      adc.o
    0x08005514   0x00000058   Code   RO          417    i.MX_COMP2_Init     comp.o
    0x0800556c   0x00000058   Code   RO          418    i.MX_COMP4_Init     comp.o
    0x080055c4   0x00000044   Code   RO         1122    i.MX_CRC_Init       crc.o
    0x08005608   0x00000064   Code   RO          531    i.MX_DAC_Init       dac.o
    0x0800566c   0x0000008c   Code   RO          818    i.MX_DMA_Init       dma.o
    0x080056f8   0x000000f4   Code   RO          391    i.MX_GPIO_Init      gpio.o
    0x080057ec   0x00000074   Code   RO          489    i.MX_I2C1_Init      i2c.o
    0x08005860   0x000000f8   Code   RO          574    i.MX_TIM15_Init     tim.o
    0x08005958   0x000000b0   Code   RO          575    i.MX_TIM16_Init     tim.o
    0x08005a08   0x0000011c   Code   RO          576    i.MX_TIM1_Init      tim.o
    0x08005b24   0x000000c0   Code   RO          577    i.MX_TIM2_Init      tim.o
    0x08005be4   0x0000005c   Code   RO          578    i.MX_TIM6_Init      tim.o
    0x08005c40   0x00000054   Code   RO          579    i.MX_TIM7_Init      tim.o
    0x08005c94   0x00000050   Code   RO          351    i.MX_USART1_UART_Init  usart.o
    0x08005ce4   0x00000002   Code   RO          661    i.MemManage_Handler  stm32f3xx_it.o
    0x08005ce6   0x00000002   Code   RO          662    i.NMI_Handler       stm32f3xx_it.o
    0x08005ce8   0x00000020   Code   RO         1180    i.NVIC_SetPriority  stm32f3xx_hal_cortex.o
    0x08005d08   0x000003fc   Code   RO          864    i.Parsing           general_math.o
    0x08006104   0x00000002   Code   RO          663    i.PendSV_Handler    stm32f3xx_it.o
    0x08006106   0x00000002   PAD
    0x08006108   0x000000a0   Code   RO          865    i.ProcAlarm         general_math.o
    0x080061a8   0x0000015c   Code   RO          866    i.ProcData          general_math.o
    0x08006304   0x00000064   Code   RO          867    i.ProcDemagnetization  general_math.o
    0x08006368   0x000000bc   Code   RO          868    i.ProcDiag          general_math.o
    0x08006424   0x00000002   Code   RO          664    i.SVC_Handler       stm32f3xx_it.o
    0x08006426   0x00000002   PAD
    0x08006428   0x000001ac   Code   RO          870    i.SendAlarm         general_math.o
    0x080065d4   0x00000154   Code   RO          871    i.SendComand        general_math.o
    0x08006728   0x00000154   Code   RO          872    i.SendComandnData   general_math.o
    0x0800687c   0x00000154   Code   RO          873    i.SendData          general_math.o
    0x080069d0   0x00000028   Code   RO          874    i.SendPacketUART    general_math.o
    0x080069f8   0x00000044   Code   RO          875    i.SetTiming         general_math.o
    0x08006a3c   0x000000b0   Code   RO          876    i.StartExternPWM    general_math.o
    0x08006aec   0x00000114   Code   RO          877    i.StartPWM          general_math.o
    0x08006c00   0x00000160   Code   RO          878    i.StopPWM           general_math.o
    0x08006d60   0x0000000e   Code   RO          665    i.SysTick_Handler   stm32f3xx_it.o
    0x08006d6e   0x00000002   PAD
    0x08006d70   0x000000a8   Code   RO          242    i.SystemClock_Config  main.o
    0x08006e18   0x00000068   Code   RO            5    i.SystemInit        system_stm32f3xx.o
    0x08006e80   0x000000fc   Code   RO          666    i.TIM1_CC_IRQHandler  stm32f3xx_it.o
    0x08006f7c   0x000000b0   Code   RO          667    i.TIM1_UP_TIM16_IRQHandler  stm32f3xx_it.o
    0x0800702c   0x00000020   Code   RO          668    i.TIM2_IRQHandler   stm32f3xx_it.o
    0x0800704c   0x0000004c   Code   RO          669    i.TIM6_DAC_IRQHandler  stm32f3xx_it.o
    0x08007098   0x00000014   Code   RO          670    i.TIM7_IRQHandler   stm32f3xx_it.o
    0x080070ac   0x000000b0   Code   RO         2949    i.TIM_Base_SetConfig  stm32f3xx_hal_tim.o
    0x0800715c   0x00000016   Code   RO         2950    i.TIM_CCxChannelCmd  stm32f3xx_hal_tim.o
    0x08007172   0x00000014   Code   RO         2956    i.TIM_ETR_SetConfig  stm32f3xx_hal_tim.o
    0x08007186   0x00000010   Code   RO         2957    i.TIM_ITRx_SetConfig  stm32f3xx_hal_tim.o
    0x08007196   0x00000002   PAD
    0x08007198   0x000000a0   Code   RO         2958    i.TIM_OC1_SetConfig  stm32f3xx_hal_tim.o
    0x08007238   0x00000094   Code   RO         2959    i.TIM_OC2_SetConfig  stm32f3xx_hal_tim.o
    0x080072cc   0x00000094   Code   RO         2960    i.TIM_OC3_SetConfig  stm32f3xx_hal_tim.o
    0x08007360   0x00000074   Code   RO         2961    i.TIM_OC4_SetConfig  stm32f3xx_hal_tim.o
    0x080073d4   0x00000070   Code   RO         2396    i.TIM_OC5_SetConfig  stm32f3xx_hal_tim_ex.o
    0x08007444   0x00000070   Code   RO         2397    i.TIM_OC6_SetConfig  stm32f3xx_hal_tim_ex.o
    0x080074b4   0x00000022   Code   RO         2963    i.TIM_TI1_ConfigInputStage  stm32f3xx_hal_tim.o
    0x080074d6   0x00000002   PAD
    0x080074d8   0x0000006c   Code   RO         2964    i.TIM_TI1_SetConfig  stm32f3xx_hal_tim.o
    0x08007544   0x00000024   Code   RO         2965    i.TIM_TI2_ConfigInputStage  stm32f3xx_hal_tim.o
    0x08007568   0x00000036   Code   RO         2966    i.TIM_TI2_SetConfig  stm32f3xx_hal_tim.o
    0x0800759e   0x00000032   Code   RO         2967    i.TIM_TI3_SetConfig  stm32f3xx_hal_tim.o
    0x080075d0   0x00000038   Code   RO         2968    i.TIM_TI4_SetConfig  stm32f3xx_hal_tim.o
    0x08007608   0x0000012c   Code   RO          879    i.TimingCalc        general_math.o
    0x08007734   0x000000c8   Code   RO         2034    i.UART_AdvFeatureConfig  stm32f3xx_hal_uart.o
    0x080077fc   0x0000005c   Code   RO         2035    i.UART_CheckIdleState  stm32f3xx_hal_uart.o
    0x08007858   0x00000014   Code   RO         2036    i.UART_DMAAbortOnError  stm32f3xx_hal_uart.o
    0x0800786c   0x0000001c   Code   RO         2046    i.UART_EndRxTransfer  stm32f3xx_hal_uart.o
    0x08007888   0x0000001a   Code   RO         2047    i.UART_EndTransmit_IT  stm32f3xx_hal_uart.o
    0x080078a2   0x00000078   Code   RO         2049    i.UART_Receive_IT   stm32f3xx_hal_uart.o
    0x0800791a   0x00000002   PAD
    0x0800791c   0x0000026c   Code   RO         2050    i.UART_SetConfig    stm32f3xx_hal_uart.o
    0x08007b88   0x00000064   Code   RO         2051    i.UART_Transmit_IT  stm32f3xx_hal_uart.o
    0x08007bec   0x00000064   Code   RO         2052    i.UART_WaitOnFlagUntilTimeout  stm32f3xx_hal_uart.o
    0x08007c50   0x0000000c   Code   RO          671    i.USART1_IRQHandler  stm32f3xx_it.o
    0x08007c5c   0x00000002   Code   RO          672    i.UsageFault_Handler  stm32f3xx_it.o
    0x08007c5e   0x00000002   Code   RO          243    i._Error_Handler    main.o
    0x08007c60   0x00000026   Code   RO         4891    i.__ARM_fpclassifyf  m_wm.l(fpclassifyf.o)
    0x08007c86   0x00000002   PAD
    0x08007c88   0x00000118   Code   RO         4825    i.__hardfp_ceil     m_wm.l(ceil.o)
    0x08007da0   0x00000014   Code   RO         4831    i.__hardfp_fabs     m_wm.l(fabs.o)
    0x08007db4   0x00000004   PAD
    0x08007db8   0x00000118   Code   RO         4885    i.__hardfp_floor    m_wm.l(floor.o)
    0x08007ed0   0x00000004   Code   RO         4865    i.__hardfp_floorl   m_wm.l(floorl.o)
    0x08007ed4   0x0000016c   Code   RO         4837    i.__hardfp_logf     m_wm.l(logf.o)
    0x08008040   0x00000664   Code   RO         4851    i.__hardfp_powf     m_wm.l(powf.o)
    0x080086a4   0x00000014   Code   RO         4893    i.__mathlib_flt_divzero  m_wm.l(funder.o)
    0x080086b8   0x00000006   Code   RO         4894    i.__mathlib_flt_infnan  m_wm.l(funder.o)
    0x080086be   0x00000006   Code   RO         4895    i.__mathlib_flt_infnan2  m_wm.l(funder.o)
    0x080086c4   0x00000010   Code   RO         4896    i.__mathlib_flt_invalid  m_wm.l(funder.o)
    0x080086d4   0x00000010   Code   RO         4897    i.__mathlib_flt_overflow  m_wm.l(funder.o)
    0x080086e4   0x00000010   Code   RO         4899    i.__mathlib_flt_underflow  m_wm.l(funder.o)
    0x080086f4   0x000002cc   Code   RO          244    i.main              main.o
    0x080089c0   0x00000018   Code   RO         4789    x$fpl$basic         fz_wm.l(basic.o)
    0x080089d8   0x00000062   Code   RO         4791    x$fpl$d2f           fz_wm.l(d2f.o)
    0x08008a3a   0x00000002   PAD
    0x08008a3c   0x00000150   Code   RO         4793    x$fpl$dadd          fz_wm.l(daddsub_clz.o)
    0x08008b8c   0x00000018   Code   RO         4872    x$fpl$dcmpinf       fz_wm.l(dcmpi.o)
    0x08008ba4   0x000002b0   Code   RO         4800    x$fpl$ddiv          fz_wm.l(ddiv.o)
    0x08008e54   0x0000005e   Code   RO         4803    x$fpl$dfix          fz_wm.l(dfix.o)
    0x08008eb2   0x00000002   PAD
    0x08008eb4   0x0000005a   Code   RO         4807    x$fpl$dfixu         fz_wm.l(dfixu.o)
    0x08008f0e   0x0000002e   Code   RO         4812    x$fpl$dflt          fz_wm.l(dflt_clz.o)
    0x08008f3c   0x00000026   Code   RO         4811    x$fpl$dfltu         fz_wm.l(dflt_clz.o)
    0x08008f62   0x00000002   PAD
    0x08008f64   0x00000078   Code   RO         4817    x$fpl$dleqf         fz_wm.l(dleqf.o)
    0x08008fdc   0x00000154   Code   RO         4819    x$fpl$dmul          fz_wm.l(dmul.o)
    0x08009130   0x0000009c   Code   RO         4874    x$fpl$dnaninf       fz_wm.l(dnaninf.o)
    0x080091cc   0x0000000c   Code   RO         4876    x$fpl$dretinf       fz_wm.l(dretinf.o)
    0x080091d8   0x0000006c   Code   RO         4821    x$fpl$drleqf        fz_wm.l(drleqf.o)
    0x08009244   0x00000016   Code   RO         4794    x$fpl$drsb          fz_wm.l(daddsub_clz.o)
    0x0800925a   0x00000002   PAD
    0x0800925c   0x000001d4   Code   RO         4795    x$fpl$dsub          fz_wm.l(daddsub_clz.o)
    0x08009430   0x00000056   Code   RO         4823    x$fpl$f2d           fz_wm.l(f2d.o)
    0x08009486   0x0000008c   Code   RO         4878    x$fpl$fnaninf       fz_wm.l(fnaninf.o)
    0x08009512   0x0000000a   Code   RO         4996    x$fpl$fpinit        fz_wm.l(fpinit.o)
    0x0800951c   0x0000000a   Code   RO         4880    x$fpl$fretinf       fz_wm.l(fretinf.o)
    0x08009526   0x00000000   Code   RO         4884    x$fpl$usenofp       fz_wm.l(usenofp.o)
    0x08009526   0x00000010   Data   RO            6    .constdata          system_stm32f3xx.o
    0x08009536   0x00000008   Data   RO            7    .constdata          system_stm32f3xx.o
    0x0800953e   0x00000020   Data   RO         4044    .constdata          stm32f3xx_hal_rcc.o
    0x0800955e   0x00000002   PAD
    0x08009560   0x00000040   Data   RO         4840    .constdata          m_wm.l(logf.o)
    0x080095a0   0x00000140   Data   RO         4854    .constdata          m_wm.l(powf.o)
    0x080096e0   0x00000020   Data   RO         5064    Region$$Table       anon$$obj.o


    Execution Region RW_IRAM1 (Base: 0x20000000, Size: 0x00000f98, Max: 0x0000a000, ABSOLUTE, COMPRESSED[0x00000040])

    Base Addr    Size         Type   Attr      Idx    E Section Name        Object

    0x20000000   0x00000004   Data   RW            8    .data               system_stm32f3xx.o
    0x20000004   0x00000008   Data   RW          178    .data               adc.o
    0x2000000c   0x00000004   Data   RW          248    .data               main.o
    0x20000010   0x00000004   Data   RW          250    .data               main.o
    0x20000014   0x00000004   Data   RW          251    .data               main.o
    0x20000018   0x00000004   Data   RW          252    .data               main.o
    0x2000001c   0x00000004   Data   RW          253    .data               main.o
    0x20000020   0x00000001   Data   RW          255    .data               main.o
    0x20000021   0x00000001   PAD
    0x20000022   0x00000002   Data   RW          256    .data               main.o
    0x20000024   0x00000001   Data   RW          257    .data               main.o
    0x20000025   0x00000003   PAD
    0x20000028   0x00000004   Data   RW          260    .data               main.o
    0x2000002c   0x00000004   Data   RW          261    .data               main.o
    0x20000030   0x00000004   Data   RW          262    .data               main.o
    0x20000034   0x00000001   Data   RW          263    .data               main.o
    0x20000035   0x00000001   PAD
    0x20000036   0x00000002   Data   RW          264    .data               main.o
    0x20000038   0x00000001   Data   RW          265    .data               main.o
    0x20000039   0x00000003   PAD
    0x2000003c   0x00000004   Data   RW          266    .data               main.o
    0x20000040   0x00000004   Data   RW          267    .data               main.o
    0x20000044   0x00000004   Data   RW          268    .data               main.o
    0x20000048   0x00000004   Data   RW          269    .data               main.o
    0x2000004c   0x00000004   Data   RW          270    .data               main.o
    0x20000050   0x00000004   Data   RW          271    .data               main.o
    0x20000054   0x00000004   Data   RW          272    .data               main.o
    0x20000058   0x00000004   Data   RW          273    .data               main.o
    0x2000005c   0x00000004   Data   RW          279    .data               main.o
    0x20000060   0x00000004   Data   RW          280    .data               main.o
    0x20000064   0x00000008   Data   RW          673    .data               stm32f3xx_it.o
    0x2000006c   0x00000150   Data   RW          881    .data               general_math.o
    0x200001bc   0x00000004   Data   RW         2747    .data               stm32f3xx_hal.o
    0x200001c0   0x00000260   Zero   RW          177    .bss                adc.o
    0x20000420   0x00000100   Zero   RW          245    .bss                main.o
    0x20000520   0x000000f8   Zero   RW          352    .bss                usart.o
    0x20000618   0x00000058   Zero   RW          419    .bss                comp.o
    0x20000670   0x0000004c   Zero   RW          490    .bss                i2c.o
    0x200006bc   0x00000014   Zero   RW          532    .bss                dac.o
    0x200006d0   0x00000180   Zero   RW          580    .bss                tim.o
    0x20000850   0x000000c4   Zero   RW          880    .bss                general_math.o
    0x20000914   0x00000024   Zero   RW         1123    .bss                crc.o
    0x20000938   0x00000060   Zero   RW         4928    .bss                c_w.l(libspace.o)
    0x20000998   0x00000200   Zero   RW          162    HEAP                startup_stm32f303xc.o
    0x20000b98   0x00000400   Zero   RW          161    STACK               startup_stm32f303xc.o


==============================================================================

Image component sizes


      Code (inc. data)   RO Data    RW Data    ZI Data      Debug   Object Name

      1040        148          0          8        608       4240   adc.o
       280         58          0          0         88       2211   comp.o
       108         34          0          0         36       1507   crc.o
       180         34          0          0         20       1603   dac.o
       140          4          0          0          0        830   dma.o
     11040       1304          0        336        196      30571   general_math.o
       244         18          0          0          0        995   gpio.o
       192         40          0          0         76       1629   i2c.o
       886         94          0         80        256       7811   main.o
        64         26        392          0       1536        808   startup_stm32f303xc.o
       126         22          0          4          0       3771   stm32f3xx_hal.o
      3206        128          0          0          0      13320   stm32f3xx_hal_adc_ex.o
       312         18          0          0          0       1970   stm32f3xx_hal_comp.o
       232         14          0          0          0      32253   stm32f3xx_hal_cortex.o
       128          4          0          0          0       1167   stm32f3xx_hal_crc.o
        78          0          0          0          0       1243   stm32f3xx_hal_crc_ex.o
        44          0          0          0          0       1656   stm32f3xx_hal_dac.o
       168          0          0          0          0       2560   stm32f3xx_hal_dac_ex.o
       410         14          0          0          0       3371   stm32f3xx_hal_dma.o
       454         34          0          0          0       3774   stm32f3xx_hal_gpio.o
       192          6          0          0          0       2707   stm32f3xx_hal_i2c.o
       176          0          0          0          0       1999   stm32f3xx_hal_i2c_ex.o
       112          6          0          0          0        870   stm32f3xx_hal_msp.o
      2216         68         32          0          0       6840   stm32f3xx_hal_rcc.o
       536         12          0          0          0       1664   stm32f3xx_hal_rcc_ex.o
      3552        302          0          0          0      32196   stm32f3xx_hal_tim.o
       888         70          0          0          0       6889   stm32f3xx_hal_tim_ex.o
      2142         60          0          0          0      13450   stm32f3xx_hal_uart.o
         2          0          0          0          0        960   stm32f3xx_hal_uart_ex.o
       724        168          0          8          0      12085   stm32f3xx_it.o
       104         22         24          4          0     629155   system_stm32f3xx.o
      1488        180          0          0        384       6141   tim.o
       288         62          0          0        248       1844   usart.o

    ----------------------------------------------------------------------
     31788       2950        482        448       3448     834090   Object Totals
         0          0         32          0          0          0   (incl. Generated)
        36          0          2          8          0          0   (incl. Padding)

    ----------------------------------------------------------------------

      Code (inc. data)   RO Data    RW Data    ZI Data      Debug   Library Member Name

        90          0          0          0          0          0   __dczerorl2.o
         8          0          0          0          0         68   __main.o
         0          0          0          0          0          0   __rtentry.o
        12          0          0          0          0          0   __rtentry2.o
         6          0          0          0          0          0   __rtentry4.o
        52          8          0          0          0          0   __scatter.o
        28          0          0          0          0          0   __scatter_zi.o
        22          0          0          0          0        100   _rserrno.o
        18          0          0          0          0         80   exit.o
         6          0          0          0          0        152   heapauxi.o
         0          0          0          0          0          0   indicate_semi.o
         2          0          0          0          0          0   libinit.o
         6          0          0          0          0          0   libinit2.o
         2          0          0          0          0          0   libshutdown.o
         2          0          0          0          0          0   libshutdown2.o
         8          4          0          0         96         68   libspace.o
         8          4          0          0          0         68   rt_errno_addr_intlibspace.o
         2          0          0          0          0          0   rtexit.o
        10          0          0          0          0          0   rtexit2.o
        12          4          0          0          0         68   sys_exit.o
        74          0          0          0          0         80   sys_stackheap_outer.o
         2          0          0          0          0         68   use_no_semi.o
        24          0          0          0          0        164   basic.o
        98          4          0          0          0        140   d2f.o
       826         16          0          0          0        492   daddsub_clz.o
        24          0          0          0          0        116   dcmpi.o
       688        140          0          0          0        256   ddiv.o
        94          4          0          0          0        140   dfix.o
        90          4          0          0          0        140   dfixu.o
        84          0          0          0          0        232   dflt_clz.o
       120          4          0          0          0        140   dleqf.o
       340         12          0          0          0        152   dmul.o
       156          4          0          0          0        140   dnaninf.o
        12          0          0          0          0        116   dretinf.o
       108          0          0          0          0        128   drleqf.o
        86          4          0          0          0        132   f2d.o
       140          4          0          0          0        132   fnaninf.o
        10          0          0          0          0        116   fpinit.o
        10          0          0          0          0        116   fretinf.o
         0          0          0          0          0          0   usenofp.o
       280         28          0          0          0        156   ceil.o
        20          0          0          0          0        124   fabs.o
       280         28          0          0          0        156   floor.o
         4          0          0          0          0        116   floorl.o
        38          0          0          0          0        116   fpclassifyf.o
        80         24          0          0          0        696   funder.o
       364         44         64          0          0        140   logf.o
      1636        110        320          0          0        372   powf.o

    ----------------------------------------------------------------------
      6002        450        384          0         96       5480   Library Totals
        20          0          0          0          0          0   (incl. Padding)

    ----------------------------------------------------------------------

      Code (inc. data)   RO Data    RW Data    ZI Data      Debug   Library Name

       370         20          0          0         96        752   c_w.l
      2910        196          0          0          0       2852   fz_wm.l
      2702        234        384          0          0       1876   m_wm.l

    ----------------------------------------------------------------------
      6002        450        384          0         96       5480   Library Totals

    ----------------------------------------------------------------------

==============================================================================


      Code (inc. data)   RO Data    RW Data    ZI Data      Debug   

     37790       3400        866        448       3544     815910   Grand Totals
     37790       3400        866         64       3544     815910   ELF Image Totals (compressed)
     37790       3400        866         64          0          0   ROM Totals

==============================================================================

    Total RO  Size (Code + RO Data)                38656 (  37.75kB)
    Total RW  Size (RW Data + ZI Data)              3992 (   3.90kB)
    Total ROM Size (Code + RO Data + RW Data)      38720 (  37.81kB)

==============================================================================

